[2025-12-19T02:02:59.252+0800][gc] Using G1
[2025-12-19T02:02:59.253+0800][gc,init] Version: 17.0.7+7-LTS (release)
[2025-12-19T02:02:59.253+0800][gc,init] CPUs: 8 total, 8 available
[2025-12-19T02:02:59.253+0800][gc,init] Memory: 16384M
[2025-12-19T02:02:59.253+0800][gc,init] Large Page Support: Disabled
[2025-12-19T02:02:59.253+0800][gc,init] NUMA Support: Disabled
[2025-12-19T02:02:59.253+0800][gc,init] Compressed Oops: Enabled (Zero based)
[2025-12-19T02:02:59.253+0800][gc,init] Heap Region Size: 1M
[2025-12-19T02:02:59.253+0800][gc,init] Heap Min Capacity: 1G
[2025-12-19T02:02:59.253+0800][gc,init] Heap Initial Capacity: 1G
[2025-12-19T02:02:59.254+0800][gc,init] Heap Max Capacity: 1G
[2025-12-19T02:02:59.254+0800][gc,init] Pre-touch: Disabled
[2025-12-19T02:02:59.254+0800][gc,init] Parallel Workers: 8
[2025-12-19T02:02:59.254+0800][gc,init] Concurrent Workers: 2
[2025-12-19T02:02:59.254+0800][gc,init] Concurrent Refinement Workers: 8
[2025-12-19T02:02:59.254+0800][gc,init] Periodic GC: Disabled
[2025-12-19T02:02:59.254+0800][gc,metaspace] CDS archive(s) mapped at: [0x0000000800000000-0x0000000800bd4000-0x0000000800bd4000), size 12402688, SharedBaseAddress: 0x0000000800000000, ArchiveRelocationMode: 0.
[2025-12-19T02:02:59.254+0800][gc,metaspace] Compressed class space mapped at: 0x0000000801000000-0x0000000841000000, reserved size: 1073741824
[2025-12-19T02:02:59.254+0800][gc,metaspace] Narrow klass base: 0x0000000800000000, Narrow klass shift: 0, Narrow klass range: 0x100000000
[2025-12-19T02:03:00.420+0800][gc,start    ] GC(0) Pause Young (Normal) (G1 Evacuation Pause)
[2025-12-19T02:03:00.420+0800][gc,task     ] GC(0) Using 8 workers of 8 for evacuation
[2025-12-19T02:03:00.423+0800][gc,phases   ] GC(0)   Pre Evacuate Collection Set: 0.1ms
[2025-12-19T02:03:00.423+0800][gc,phases   ] GC(0)   Merge Heap Roots: 0.1ms
[2025-12-19T02:03:00.423+0800][gc,phases   ] GC(0)   Evacuate Collection Set: 2.0ms
[2025-12-19T02:03:00.423+0800][gc,phases   ] GC(0)   Post Evacuate Collection Set: 0.3ms
[2025-12-19T02:03:00.423+0800][gc,phases   ] GC(0)   Other: 0.2ms
[2025-12-19T02:03:00.423+0800][gc,heap     ] GC(0) Eden regions: 51->0(44)
[2025-12-19T02:03:00.423+0800][gc,heap     ] GC(0) Survivor regions: 0->7(7)
[2025-12-19T02:03:00.423+0800][gc,heap     ] GC(0) Old regions: 0->1
[2025-12-19T02:03:00.423+0800][gc,heap     ] GC(0) Archive regions: 2->2
[2025-12-19T02:03:00.423+0800][gc,heap     ] GC(0) Humongous regions: 0->0
[2025-12-19T02:03:00.423+0800][gc,metaspace] GC(0) Metaspace: 19192K(19392K)->19192K(19392K) NonClass: 16631K(16768K)->16631K(16768K) Class: 2560K(2624K)->2560K(2624K)
[2025-12-19T02:03:00.423+0800][gc          ] GC(0) Pause Young (Normal) (G1 Evacuation Pause) 51M->8M(1024M) 2.770ms
[2025-12-19T02:03:00.423+0800][gc,cpu      ] GC(0) User=0.02s Sys=0.00s Real=0.00s
[2025-12-19T02:03:00.542+0800][gc,start    ] GC(1) Pause Young (Concurrent Start) (Metadata GC Threshold)
[2025-12-19T02:03:00.542+0800][gc,task     ] GC(1) Using 8 workers of 8 for evacuation
[2025-12-19T02:03:00.545+0800][gc,phases   ] GC(1)   Pre Evacuate Collection Set: 0.1ms
[2025-12-19T02:03:00.545+0800][gc,phases   ] GC(1)   Merge Heap Roots: 0.1ms
[2025-12-19T02:03:00.545+0800][gc,phases   ] GC(1)   Evacuate Collection Set: 2.8ms
[2025-12-19T02:03:00.545+0800][gc,phases   ] GC(1)   Post Evacuate Collection Set: 0.2ms
[2025-12-19T02:03:00.545+0800][gc,phases   ] GC(1)   Other: 0.1ms
[2025-12-19T02:03:00.545+0800][gc,heap     ] GC(1) Eden regions: 9->0(50)
[2025-12-19T02:03:00.545+0800][gc,heap     ] GC(1) Survivor regions: 7->1(7)
[2025-12-19T02:03:00.545+0800][gc,heap     ] GC(1) Old regions: 1->8
[2025-12-19T02:03:00.545+0800][gc,heap     ] GC(1) Archive regions: 2->2
[2025-12-19T02:03:00.545+0800][gc,heap     ] GC(1) Humongous regions: 0->0
[2025-12-19T02:03:00.545+0800][gc,metaspace] GC(1) Metaspace: 21243K(21504K)->21243K(21504K) NonClass: 18392K(18560K)->18392K(18560K) Class: 2850K(2944K)->2850K(2944K)
[2025-12-19T02:03:00.545+0800][gc          ] GC(1) Pause Young (Concurrent Start) (Metadata GC Threshold) 16M->9M(1024M) 3.345ms
[2025-12-19T02:03:00.545+0800][gc,cpu      ] GC(1) User=0.01s Sys=0.00s Real=0.00s
[2025-12-19T02:03:00.545+0800][gc          ] GC(2) Concurrent Mark Cycle
[2025-12-19T02:03:00.545+0800][gc,marking  ] GC(2) Concurrent Clear Claimed Marks
[2025-12-19T02:03:00.545+0800][gc,marking  ] GC(2) Concurrent Clear Claimed Marks 0.009ms
[2025-12-19T02:03:00.545+0800][gc,marking  ] GC(2) Concurrent Scan Root Regions
[2025-12-19T02:03:00.546+0800][gc,marking  ] GC(2) Concurrent Scan Root Regions 1.222ms
[2025-12-19T02:03:00.546+0800][gc,marking  ] GC(2) Concurrent Mark
[2025-12-19T02:03:00.546+0800][gc,marking  ] GC(2) Concurrent Mark From Roots
[2025-12-19T02:03:00.546+0800][gc,task     ] GC(2) Using 2 workers of 2 for marking
[2025-12-19T02:03:00.550+0800][gc,marking  ] GC(2) Concurrent Mark From Roots 3.933ms
[2025-12-19T02:03:00.550+0800][gc,marking  ] GC(2) Concurrent Preclean
[2025-12-19T02:03:00.550+0800][gc,marking  ] GC(2) Concurrent Preclean 0.015ms
[2025-12-19T02:03:00.550+0800][gc,start    ] GC(2) Pause Remark
[2025-12-19T02:03:00.551+0800][gc          ] GC(2) Pause Remark 9M->9M(1024M) 0.928ms
[2025-12-19T02:03:00.551+0800][gc,cpu      ] GC(2) User=0.00s Sys=0.00s Real=0.00s
[2025-12-19T02:03:00.551+0800][gc,marking  ] GC(2) Concurrent Mark 5.024ms
[2025-12-19T02:03:00.551+0800][gc,marking  ] GC(2) Concurrent Rebuild Remembered Sets
[2025-12-19T02:03:00.553+0800][gc,marking  ] GC(2) Concurrent Rebuild Remembered Sets 1.367ms
[2025-12-19T02:03:00.553+0800][gc,start    ] GC(2) Pause Cleanup
[2025-12-19T02:03:00.553+0800][gc          ] GC(2) Pause Cleanup 9M->9M(1024M) 0.071ms
[2025-12-19T02:03:00.553+0800][gc,cpu      ] GC(2) User=0.00s Sys=0.00s Real=0.00s
[2025-12-19T02:03:00.553+0800][gc,marking  ] GC(2) Concurrent Cleanup for Next Mark
[2025-12-19T02:03:00.555+0800][gc,marking  ] GC(2) Concurrent Cleanup for Next Mark 1.754ms
[2025-12-19T02:03:00.555+0800][gc          ] GC(2) Concurrent Mark Cycle 9.650ms
[2025-12-19T02:03:02.043+0800][gc,start    ] GC(3) Pause Young (Normal) (G1 Evacuation Pause)
[2025-12-19T02:03:02.043+0800][gc,task     ] GC(3) Using 8 workers of 8 for evacuation
[2025-12-19T02:03:02.045+0800][gc,phases   ] GC(3)   Pre Evacuate Collection Set: 0.1ms
[2025-12-19T02:03:02.045+0800][gc,phases   ] GC(3)   Merge Heap Roots: 0.0ms
[2025-12-19T02:03:02.045+0800][gc,phases   ] GC(3)   Evacuate Collection Set: 1.5ms
[2025-12-19T02:03:02.045+0800][gc,phases   ] GC(3)   Post Evacuate Collection Set: 0.2ms
[2025-12-19T02:03:02.045+0800][gc,phases   ] GC(3)   Other: 0.1ms
[2025-12-19T02:03:02.045+0800][gc,heap     ] GC(3) Eden regions: 50->0(46)
[2025-12-19T02:03:02.045+0800][gc,heap     ] GC(3) Survivor regions: 1->5(7)
[2025-12-19T02:03:02.045+0800][gc,heap     ] GC(3) Old regions: 8->8
[2025-12-19T02:03:02.045+0800][gc,heap     ] GC(3) Archive regions: 2->2
[2025-12-19T02:03:02.045+0800][gc,heap     ] GC(3) Humongous regions: 129->129
[2025-12-19T02:03:02.045+0800][gc,metaspace] GC(3) Metaspace: 31169K(31488K)->31169K(31488K) NonClass: 27225K(27392K)->27225K(27392K) Class: 3943K(4096K)->3943K(4096K)
[2025-12-19T02:03:02.045+0800][gc          ] GC(3) Pause Young (Normal) (G1 Evacuation Pause) 188M->142M(1024M) 1.895ms
[2025-12-19T02:03:02.045+0800][gc,cpu      ] GC(3) User=0.01s Sys=0.00s Real=0.00s
[2025-12-19T02:03:02.209+0800][gc,start    ] GC(4) Pause Young (Concurrent Start) (Metadata GC Threshold)
[2025-12-19T02:03:02.209+0800][gc,task     ] GC(4) Using 8 workers of 8 for evacuation
[2025-12-19T02:03:02.212+0800][gc,phases   ] GC(4)   Pre Evacuate Collection Set: 0.1ms
[2025-12-19T02:03:02.212+0800][gc,phases   ] GC(4)   Merge Heap Roots: 0.1ms
[2025-12-19T02:03:02.212+0800][gc,phases   ] GC(4)   Evacuate Collection Set: 2.1ms
[2025-12-19T02:03:02.212+0800][gc,phases   ] GC(4)   Post Evacuate Collection Set: 0.2ms
[2025-12-19T02:03:02.212+0800][gc,phases   ] GC(4)   Other: 0.1ms
[2025-12-19T02:03:02.212+0800][gc,heap     ] GC(4) Eden regions: 19->0(49)
[2025-12-19T02:03:02.212+0800][gc,heap     ] GC(4) Survivor regions: 5->2(7)
[2025-12-19T02:03:02.212+0800][gc,heap     ] GC(4) Old regions: 8->12
[2025-12-19T02:03:02.212+0800][gc,heap     ] GC(4) Archive regions: 2->2
[2025-12-19T02:03:02.212+0800][gc,heap     ] GC(4) Humongous regions: 129->129
[2025-12-19T02:03:02.212+0800][gc,metaspace] GC(4) Metaspace: 35863K(36096K)->35863K(36096K) NonClass: 31415K(31552K)->31415K(31552K) Class: 4447K(4544K)->4447K(4544K)
[2025-12-19T02:03:02.212+0800][gc          ] GC(4) Pause Young (Concurrent Start) (Metadata GC Threshold) 160M->143M(1024M) 2.727ms
[2025-12-19T02:03:02.212+0800][gc,cpu      ] GC(4) User=0.01s Sys=0.00s Real=0.01s
[2025-12-19T02:03:02.212+0800][gc          ] GC(5) Concurrent Mark Cycle
[2025-12-19T02:03:02.212+0800][gc,marking  ] GC(5) Concurrent Clear Claimed Marks
[2025-12-19T02:03:02.212+0800][gc,marking  ] GC(5) Concurrent Clear Claimed Marks 0.011ms
[2025-12-19T02:03:02.212+0800][gc,marking  ] GC(5) Concurrent Scan Root Regions
[2025-12-19T02:03:02.213+0800][gc,marking  ] GC(5) Concurrent Scan Root Regions 1.400ms
[2025-12-19T02:03:02.213+0800][gc,marking  ] GC(5) Concurrent Mark
[2025-12-19T02:03:02.213+0800][gc,marking  ] GC(5) Concurrent Mark From Roots
[2025-12-19T02:03:02.213+0800][gc,task     ] GC(5) Using 2 workers of 2 for marking
[2025-12-19T02:03:02.217+0800][gc,marking  ] GC(5) Concurrent Mark From Roots 3.395ms
[2025-12-19T02:03:02.217+0800][gc,marking  ] GC(5) Concurrent Preclean
[2025-12-19T02:03:02.217+0800][gc,marking  ] GC(5) Concurrent Preclean 0.051ms
[2025-12-19T02:03:02.217+0800][gc,start    ] GC(5) Pause Remark
[2025-12-19T02:03:02.218+0800][gc          ] GC(5) Pause Remark 145M->145M(1024M) 1.174ms
[2025-12-19T02:03:02.218+0800][gc,cpu      ] GC(5) User=0.00s Sys=0.01s Real=0.00s
[2025-12-19T02:03:02.218+0800][gc,marking  ] GC(5) Concurrent Mark 5.007ms
[2025-12-19T02:03:02.218+0800][gc,marking  ] GC(5) Concurrent Rebuild Remembered Sets
[2025-12-19T02:03:02.221+0800][gc,marking  ] GC(5) Concurrent Rebuild Remembered Sets 3.120ms
[2025-12-19T02:03:02.221+0800][gc,start    ] GC(5) Pause Cleanup
[2025-12-19T02:03:02.222+0800][gc          ] GC(5) Pause Cleanup 146M->146M(1024M) 0.087ms
[2025-12-19T02:03:02.222+0800][gc,cpu      ] GC(5) User=0.00s Sys=0.00s Real=0.00s
[2025-12-19T02:03:02.222+0800][gc,marking  ] GC(5) Concurrent Cleanup for Next Mark
[2025-12-19T02:03:02.224+0800][gc,marking  ] GC(5) Concurrent Cleanup for Next Mark 2.458ms
[2025-12-19T02:03:02.224+0800][gc          ] GC(5) Concurrent Mark Cycle 12.743ms
[2025-12-19T02:09:42.198+0800][gc,start    ] GC(6) Pause Young (Prepare Mixed) (G1 Evacuation Pause)
[2025-12-19T02:09:42.199+0800][gc,task     ] GC(6) Using 8 workers of 8 for evacuation
[2025-12-19T02:09:42.257+0800][gc,mmu      ] GC(6) MMU target violated: 21.0ms (20.0ms/21.0ms)
[2025-12-19T02:09:42.257+0800][gc,phases   ] GC(6)   Pre Evacuate Collection Set: 1.1ms
[2025-12-19T02:09:42.257+0800][gc,phases   ] GC(6)   Merge Heap Roots: 0.5ms
[2025-12-19T02:09:42.257+0800][gc,phases   ] GC(6)   Evacuate Collection Set: 55.3ms
[2025-12-19T02:09:42.257+0800][gc,phases   ] GC(6)   Post Evacuate Collection Set: 0.8ms
[2025-12-19T02:09:42.257+0800][gc,phases   ] GC(6)   Other: 1.9ms
[2025-12-19T02:09:42.257+0800][gc,heap     ] GC(6) Eden regions: 49->0(45)
[2025-12-19T02:09:42.257+0800][gc,heap     ] GC(6) Survivor regions: 2->6(7)
[2025-12-19T02:09:42.257+0800][gc,heap     ] GC(6) Old regions: 12->12
[2025-12-19T02:09:42.257+0800][gc,heap     ] GC(6) Archive regions: 2->2
[2025-12-19T02:09:42.257+0800][gc,heap     ] GC(6) Humongous regions: 141->129
[2025-12-19T02:09:42.257+0800][gc,metaspace] GC(6) Metaspace: 40947K(41600K)->40947K(41600K) NonClass: 35727K(36096K)->35727K(36096K) Class: 5219K(5504K)->5219K(5504K)
[2025-12-19T02:09:42.257+0800][gc          ] GC(6) Pause Young (Prepare Mixed) (G1 Evacuation Pause) 204M->147M(1024M) 59.536ms
[2025-12-19T02:09:42.257+0800][gc,cpu      ] GC(6) User=0.03s Sys=0.13s Real=0.06s
[2025-12-19T02:27:30.245+0800][gc,start    ] GC(7) Pause Young (Mixed) (G1 Evacuation Pause)
[2025-12-19T02:27:30.246+0800][gc,task     ] GC(7) Using 8 workers of 8 for evacuation
[2025-12-19T02:27:30.283+0800][gc,mmu      ] GC(7) MMU target violated: 21.0ms (20.0ms/21.0ms)
[2025-12-19T02:27:30.283+0800][gc,phases   ] GC(7)   Pre Evacuate Collection Set: 1.3ms
[2025-12-19T02:27:30.283+0800][gc,phases   ] GC(7)   Merge Heap Roots: 0.4ms
[2025-12-19T02:27:30.283+0800][gc,phases   ] GC(7)   Evacuate Collection Set: 34.1ms
[2025-12-19T02:27:30.283+0800][gc,phases   ] GC(7)   Post Evacuate Collection Set: 1.1ms
[2025-12-19T02:27:30.283+0800][gc,phases   ] GC(7)   Other: 1.0ms
[2025-12-19T02:27:30.283+0800][gc,heap     ] GC(7) Eden regions: 45->0(48)
[2025-12-19T02:27:30.283+0800][gc,heap     ] GC(7) Survivor regions: 6->3(7)
[2025-12-19T02:27:30.283+0800][gc,heap     ] GC(7) Old regions: 12->15
[2025-12-19T02:27:30.283+0800][gc,heap     ] GC(7) Archive regions: 2->2
[2025-12-19T02:27:30.283+0800][gc,heap     ] GC(7) Humongous regions: 129->129
[2025-12-19T02:27:30.283+0800][gc,metaspace] GC(7) Metaspace: 41540K(42112K)->41540K(42112K) NonClass: 36230K(36544K)->36230K(36544K) Class: 5310K(5568K)->5310K(5568K)
[2025-12-19T02:27:30.283+0800][gc          ] GC(7) Pause Young (Mixed) (G1 Evacuation Pause) 192M->147M(1024M) 38.042ms
[2025-12-19T02:27:30.283+0800][gc,cpu      ] GC(7) User=0.03s Sys=0.03s Real=0.04s
[2025-12-19T02:36:20.189+0800][gc,start    ] GC(8) Pause Young (Normal) (G1 Evacuation Pause)
[2025-12-19T02:36:20.190+0800][gc,task     ] GC(8) Using 8 workers of 8 for evacuation
[2025-12-19T02:36:20.205+0800][gc,phases   ] GC(8)   Pre Evacuate Collection Set: 0.7ms
[2025-12-19T02:36:20.205+0800][gc,phases   ] GC(8)   Merge Heap Roots: 0.1ms
[2025-12-19T02:36:20.205+0800][gc,phases   ] GC(8)   Evacuate Collection Set: 14.4ms
[2025-12-19T02:36:20.205+0800][gc,phases   ] GC(8)   Post Evacuate Collection Set: 0.3ms
[2025-12-19T02:36:20.205+0800][gc,phases   ] GC(8)   Other: 0.6ms
[2025-12-19T02:36:20.205+0800][gc,heap     ] GC(8) Eden regions: 48->0(48)
[2025-12-19T02:36:20.205+0800][gc,heap     ] GC(8) Survivor regions: 3->3(7)
[2025-12-19T02:36:20.205+0800][gc,heap     ] GC(8) Old regions: 15->15
[2025-12-19T02:36:20.205+0800][gc,heap     ] GC(8) Archive regions: 2->2
[2025-12-19T02:36:20.205+0800][gc,heap     ] GC(8) Humongous regions: 129->129
[2025-12-19T02:36:20.205+0800][gc,metaspace] GC(8) Metaspace: 41844K(42432K)->41844K(42432K) NonClass: 36477K(36800K)->36477K(36800K) Class: 5366K(5632K)->5366K(5632K)
[2025-12-19T02:36:20.205+0800][gc          ] GC(8) Pause Young (Normal) (G1 Evacuation Pause) 195M->147M(1024M) 15.959ms
[2025-12-19T02:36:20.205+0800][gc,cpu      ] GC(8) User=0.01s Sys=0.01s Real=0.02s
[2025-12-19T02:36:24.098+0800][gc,heap,exit] Heap
[2025-12-19T02:36:24.098+0800][gc,heap,exit]  garbage-first heap   total 1048576K, used 161632K [0x00000007c0000000, 0x0000000800000000)
[2025-12-19T02:36:24.098+0800][gc,heap,exit]   region size 1024K, 14 young (14336K), 3 survivors (3072K)
[2025-12-19T02:36:24.098+0800][gc,heap,exit]  Metaspace       used 42469K, committed 43136K, reserved 1114112K
[2025-12-19T02:36:24.098+0800][gc,heap,exit]   class space    used 5524K, committed 5824K, reserved 1048576K
