[2025-12-26T15:46:22.295+0100][gc] Using G1
[2025-12-26T15:46:22.297+0100][gc,init] Version: 17.0.7+7-LTS (release)
[2025-12-26T15:46:22.297+0100][gc,init] CPUs: 8 total, 8 available
[2025-12-26T15:46:22.297+0100][gc,init] Memory: 16384M
[2025-12-26T15:46:22.297+0100][gc,init] Large Page Support: Disabled
[2025-12-26T15:46:22.297+0100][gc,init] NUMA Support: Disabled
[2025-12-26T15:46:22.297+0100][gc,init] Compressed Oops: Enabled (Zero based)
[2025-12-26T15:46:22.297+0100][gc,init] Heap Region Size: 1M
[2025-12-26T15:46:22.297+0100][gc,init] Heap Min Capacity: 1G
[2025-12-26T15:46:22.297+0100][gc,init] Heap Initial Capacity: 1G
[2025-12-26T15:46:22.297+0100][gc,init] Heap Max Capacity: 1G
[2025-12-26T15:46:22.297+0100][gc,init] Pre-touch: Disabled
[2025-12-26T15:46:22.297+0100][gc,init] Parallel Workers: 8
[2025-12-26T15:46:22.297+0100][gc,init] Concurrent Workers: 2
[2025-12-26T15:46:22.297+0100][gc,init] Concurrent Refinement Workers: 8
[2025-12-26T15:46:22.297+0100][gc,init] Periodic GC: Disabled
[2025-12-26T15:46:22.297+0100][gc,metaspace] CDS archive(s) mapped at: [0x0000000800000000-0x0000000800bd4000-0x0000000800bd4000), size 12402688, SharedBaseAddress: 0x0000000800000000, ArchiveRelocationMode: 0.
[2025-12-26T15:46:22.297+0100][gc,metaspace] Compressed class space mapped at: 0x0000000801000000-0x0000000841000000, reserved size: 1073741824
[2025-12-26T15:46:22.297+0100][gc,metaspace] Narrow klass base: 0x0000000800000000, Narrow klass shift: 0, Narrow klass range: 0x100000000
[2025-12-26T15:46:23.320+0100][gc,start    ] GC(0) Pause Young (Normal) (G1 Evacuation Pause)
[2025-12-26T15:46:23.320+0100][gc,task     ] GC(0) Using 8 workers of 8 for evacuation
[2025-12-26T15:46:23.324+0100][gc,phases   ] GC(0)   Pre Evacuate Collection Set: 0.1ms
[2025-12-26T15:46:23.324+0100][gc,phases   ] GC(0)   Merge Heap Roots: 0.1ms
[2025-12-26T15:46:23.324+0100][gc,phases   ] GC(0)   Evacuate Collection Set: 2.9ms
[2025-12-26T15:46:23.324+0100][gc,phases   ] GC(0)   Post Evacuate Collection Set: 0.3ms
[2025-12-26T15:46:23.324+0100][gc,phases   ] GC(0)   Other: 0.4ms
[2025-12-26T15:46:23.324+0100][gc,heap     ] GC(0) Eden regions: 51->0(44)
[2025-12-26T15:46:23.324+0100][gc,heap     ] GC(0) Survivor regions: 0->7(7)
[2025-12-26T15:46:23.324+0100][gc,heap     ] GC(0) Old regions: 0->1
[2025-12-26T15:46:23.324+0100][gc,heap     ] GC(0) Archive regions: 2->2
[2025-12-26T15:46:23.324+0100][gc,heap     ] GC(0) Humongous regions: 0->0
[2025-12-26T15:46:23.324+0100][gc,metaspace] GC(0) Metaspace: 19375K(19584K)->19375K(19584K) NonClass: 16791K(16896K)->16791K(16896K) Class: 2584K(2688K)->2584K(2688K)
[2025-12-26T15:46:23.324+0100][gc          ] GC(0) Pause Young (Normal) (G1 Evacuation Pause) 51M->8M(1024M) 4.156ms
[2025-12-26T15:46:23.324+0100][gc,cpu      ] GC(0) User=0.01s Sys=0.01s Real=0.00s
[2025-12-26T15:46:23.461+0100][gc,start    ] GC(1) Pause Young (Concurrent Start) (Metadata GC Threshold)
[2025-12-26T15:46:23.461+0100][gc,task     ] GC(1) Using 8 workers of 8 for evacuation
[2025-12-26T15:46:23.466+0100][gc,phases   ] GC(1)   Pre Evacuate Collection Set: 0.1ms
[2025-12-26T15:46:23.466+0100][gc,phases   ] GC(1)   Merge Heap Roots: 0.0ms
[2025-12-26T15:46:23.466+0100][gc,phases   ] GC(1)   Evacuate Collection Set: 4.1ms
[2025-12-26T15:46:23.466+0100][gc,phases   ] GC(1)   Post Evacuate Collection Set: 0.5ms
[2025-12-26T15:46:23.466+0100][gc,phases   ] GC(1)   Other: 0.1ms
[2025-12-26T15:46:23.466+0100][gc,heap     ] GC(1) Eden regions: 8->0(49)
[2025-12-26T15:46:23.466+0100][gc,heap     ] GC(1) Survivor regions: 7->2(7)
[2025-12-26T15:46:23.466+0100][gc,heap     ] GC(1) Old regions: 1->8
[2025-12-26T15:46:23.466+0100][gc,heap     ] GC(1) Archive regions: 2->2
[2025-12-26T15:46:23.466+0100][gc,heap     ] GC(1) Humongous regions: 0->0
[2025-12-26T15:46:23.466+0100][gc,metaspace] GC(1) Metaspace: 21270K(21504K)->21270K(21504K) NonClass: 18418K(18496K)->18418K(18496K) Class: 2851K(3008K)->2851K(3008K)
[2025-12-26T15:46:23.466+0100][gc          ] GC(1) Pause Young (Concurrent Start) (Metadata GC Threshold) 16M->9M(1024M) 4.971ms
[2025-12-26T15:46:23.466+0100][gc,cpu      ] GC(1) User=0.01s Sys=0.00s Real=0.00s
[2025-12-26T15:46:23.466+0100][gc          ] GC(2) Concurrent Mark Cycle
[2025-12-26T15:46:23.466+0100][gc,marking  ] GC(2) Concurrent Clear Claimed Marks
[2025-12-26T15:46:23.466+0100][gc,marking  ] GC(2) Concurrent Clear Claimed Marks 0.011ms
[2025-12-26T15:46:23.466+0100][gc,marking  ] GC(2) Concurrent Scan Root Regions
[2025-12-26T15:46:23.468+0100][gc,marking  ] GC(2) Concurrent Scan Root Regions 1.708ms
[2025-12-26T15:46:23.468+0100][gc,marking  ] GC(2) Concurrent Mark
[2025-12-26T15:46:23.468+0100][gc,marking  ] GC(2) Concurrent Mark From Roots
[2025-12-26T15:46:23.468+0100][gc,task     ] GC(2) Using 2 workers of 2 for marking
[2025-12-26T15:46:23.476+0100][gc,marking  ] GC(2) Concurrent Mark From Roots 8.266ms
[2025-12-26T15:46:23.476+0100][gc,marking  ] GC(2) Concurrent Preclean
[2025-12-26T15:46:23.476+0100][gc,marking  ] GC(2) Concurrent Preclean 0.018ms
[2025-12-26T15:46:23.476+0100][gc,start    ] GC(2) Pause Remark
[2025-12-26T15:46:23.479+0100][gc          ] GC(2) Pause Remark 9M->9M(1024M) 2.828ms
[2025-12-26T15:46:23.479+0100][gc,cpu      ] GC(2) User=0.00s Sys=0.00s Real=0.00s
[2025-12-26T15:46:23.480+0100][gc,marking  ] GC(2) Concurrent Mark 12.081ms
[2025-12-26T15:46:23.480+0100][gc,marking  ] GC(2) Concurrent Rebuild Remembered Sets
[2025-12-26T15:46:23.485+0100][gc,marking  ] GC(2) Concurrent Rebuild Remembered Sets 5.636ms
[2025-12-26T15:46:23.487+0100][gc,start    ] GC(2) Pause Cleanup
[2025-12-26T15:46:23.487+0100][gc          ] GC(2) Pause Cleanup 9M->9M(1024M) 0.101ms
[2025-12-26T15:46:23.487+0100][gc,cpu      ] GC(2) User=0.00s Sys=0.00s Real=0.00s
[2025-12-26T15:46:23.497+0100][gc,marking  ] GC(2) Concurrent Cleanup for Next Mark
[2025-12-26T15:46:23.499+0100][gc,marking  ] GC(2) Concurrent Cleanup for Next Mark 2.648ms
[2025-12-26T15:46:23.500+0100][gc          ] GC(2) Concurrent Mark Cycle 33.640ms
[2025-12-26T15:46:28.453+0100][gc,heap,exit] Heap
[2025-12-26T15:46:28.453+0100][gc,heap,exit]  garbage-first heap   total 1048576K, used 186969K [0x00000007c0000000, 0x0000000800000000)
[2025-12-26T15:46:28.453+0100][gc,heap,exit]   region size 1024K, 47 young (48128K), 2 survivors (2048K)
[2025-12-26T15:46:28.454+0100][gc,heap,exit]  Metaspace       used 29620K, committed 29888K, reserved 1114112K
[2025-12-26T15:46:28.454+0100][gc,heap,exit]   class space    used 3777K, committed 3904K, reserved 1048576K
