[2025-12-26T16:06:49.391+0100][gc] Using G1
[2025-12-26T16:06:49.393+0100][gc,init] Version: 17.0.7+7-LTS (release)
[2025-12-26T16:06:49.393+0100][gc,init] CPUs: 8 total, 8 available
[2025-12-26T16:06:49.393+0100][gc,init] Memory: 16384M
[2025-12-26T16:06:49.393+0100][gc,init] Large Page Support: Disabled
[2025-12-26T16:06:49.393+0100][gc,init] NUMA Support: Disabled
[2025-12-26T16:06:49.393+0100][gc,init] Compressed Oops: Enabled (Zero based)
[2025-12-26T16:06:49.393+0100][gc,init] Heap Region Size: 1M
[2025-12-26T16:06:49.393+0100][gc,init] Heap Min Capacity: 1G
[2025-12-26T16:06:49.393+0100][gc,init] Heap Initial Capacity: 1G
[2025-12-26T16:06:49.393+0100][gc,init] Heap Max Capacity: 1G
[2025-12-26T16:06:49.393+0100][gc,init] Pre-touch: Disabled
[2025-12-26T16:06:49.393+0100][gc,init] Parallel Workers: 8
[2025-12-26T16:06:49.393+0100][gc,init] Concurrent Workers: 2
[2025-12-26T16:06:49.393+0100][gc,init] Concurrent Refinement Workers: 8
[2025-12-26T16:06:49.393+0100][gc,init] Periodic GC: Disabled
[2025-12-26T16:06:49.393+0100][gc,metaspace] CDS archive(s) mapped at: [0x0000000800000000-0x0000000800bd4000-0x0000000800bd4000), size 12402688, SharedBaseAddress: 0x0000000800000000, ArchiveRelocationMode: 0.
[2025-12-26T16:06:49.393+0100][gc,metaspace] Compressed class space mapped at: 0x0000000801000000-0x0000000841000000, reserved size: 1073741824
[2025-12-26T16:06:49.393+0100][gc,metaspace] Narrow klass base: 0x0000000800000000, Narrow klass shift: 0, Narrow klass range: 0x100000000
[2025-12-26T16:06:50.401+0100][gc,start    ] GC(0) Pause Young (Normal) (G1 Evacuation Pause)
[2025-12-26T16:06:50.401+0100][gc,task     ] GC(0) Using 8 workers of 8 for evacuation
[2025-12-26T16:06:50.405+0100][gc,phases   ] GC(0)   Pre Evacuate Collection Set: 0.2ms
[2025-12-26T16:06:50.405+0100][gc,phases   ] GC(0)   Merge Heap Roots: 0.0ms
[2025-12-26T16:06:50.405+0100][gc,phases   ] GC(0)   Evacuate Collection Set: 3.0ms
[2025-12-26T16:06:50.405+0100][gc,phases   ] GC(0)   Post Evacuate Collection Set: 0.6ms
[2025-12-26T16:06:50.405+0100][gc,phases   ] GC(0)   Other: 0.3ms
[2025-12-26T16:06:50.405+0100][gc,heap     ] GC(0) Eden regions: 51->0(44)
[2025-12-26T16:06:50.405+0100][gc,heap     ] GC(0) Survivor regions: 0->7(7)
[2025-12-26T16:06:50.405+0100][gc,heap     ] GC(0) Old regions: 0->1
[2025-12-26T16:06:50.405+0100][gc,heap     ] GC(0) Archive regions: 2->2
[2025-12-26T16:06:50.405+0100][gc,heap     ] GC(0) Humongous regions: 0->0
[2025-12-26T16:06:50.405+0100][gc,metaspace] GC(0) Metaspace: 19329K(19584K)->19329K(19584K) NonClass: 16752K(16896K)->16752K(16896K) Class: 2576K(2688K)->2576K(2688K)
[2025-12-26T16:06:50.405+0100][gc          ] GC(0) Pause Young (Normal) (G1 Evacuation Pause) 51M->8M(1024M) 4.231ms
[2025-12-26T16:06:50.405+0100][gc,cpu      ] GC(0) User=0.01s Sys=0.00s Real=0.00s
[2025-12-26T16:06:50.498+0100][gc,start    ] GC(1) Pause Young (Concurrent Start) (Metadata GC Threshold)
[2025-12-26T16:06:50.498+0100][gc,task     ] GC(1) Using 8 workers of 8 for evacuation
[2025-12-26T16:06:50.502+0100][gc,phases   ] GC(1)   Pre Evacuate Collection Set: 0.2ms
[2025-12-26T16:06:50.502+0100][gc,phases   ] GC(1)   Merge Heap Roots: 0.0ms
[2025-12-26T16:06:50.502+0100][gc,phases   ] GC(1)   Evacuate Collection Set: 3.5ms
[2025-12-26T16:06:50.502+0100][gc,phases   ] GC(1)   Post Evacuate Collection Set: 0.2ms
[2025-12-26T16:06:50.502+0100][gc,phases   ] GC(1)   Other: 0.1ms
[2025-12-26T16:06:50.502+0100][gc,heap     ] GC(1) Eden regions: 9->0(50)
[2025-12-26T16:06:50.502+0100][gc,heap     ] GC(1) Survivor regions: 7->1(7)
[2025-12-26T16:06:50.502+0100][gc,heap     ] GC(1) Old regions: 1->8
[2025-12-26T16:06:50.502+0100][gc,heap     ] GC(1) Archive regions: 2->2
[2025-12-26T16:06:50.502+0100][gc,heap     ] GC(1) Humongous regions: 0->0
[2025-12-26T16:06:50.502+0100][gc,metaspace] GC(1) Metaspace: 21244K(21504K)->21244K(21504K) NonClass: 18393K(18560K)->18393K(18560K) Class: 2850K(2944K)->2850K(2944K)
[2025-12-26T16:06:50.502+0100][gc          ] GC(1) Pause Young (Concurrent Start) (Metadata GC Threshold) 16M->8M(1024M) 4.075ms
[2025-12-26T16:06:50.502+0100][gc,cpu      ] GC(1) User=0.01s Sys=0.01s Real=0.01s
[2025-12-26T16:06:50.502+0100][gc          ] GC(2) Concurrent Mark Cycle
[2025-12-26T16:06:50.502+0100][gc,marking  ] GC(2) Concurrent Clear Claimed Marks
[2025-12-26T16:06:50.502+0100][gc,marking  ] GC(2) Concurrent Clear Claimed Marks 0.013ms
[2025-12-26T16:06:50.502+0100][gc,marking  ] GC(2) Concurrent Scan Root Regions
[2025-12-26T16:06:50.503+0100][gc,marking  ] GC(2) Concurrent Scan Root Regions 1.242ms
[2025-12-26T16:06:50.503+0100][gc,marking  ] GC(2) Concurrent Mark
[2025-12-26T16:06:50.503+0100][gc,marking  ] GC(2) Concurrent Mark From Roots
[2025-12-26T16:06:50.503+0100][gc,task     ] GC(2) Using 2 workers of 2 for marking
[2025-12-26T16:06:50.504+0100][gc,marking  ] GC(2) Concurrent Mark From Roots 0.818ms
[2025-12-26T16:06:50.504+0100][gc,marking  ] GC(2) Concurrent Preclean
[2025-12-26T16:06:50.505+0100][gc,marking  ] GC(2) Concurrent Preclean 0.285ms
[2025-12-26T16:06:50.505+0100][gc,start    ] GC(2) Pause Remark
[2025-12-26T16:06:50.506+0100][gc          ] GC(2) Pause Remark 9M->9M(1024M) 1.085ms
[2025-12-26T16:06:50.506+0100][gc,cpu      ] GC(2) User=0.00s Sys=0.00s Real=0.00s
[2025-12-26T16:06:50.506+0100][gc,marking  ] GC(2) Concurrent Mark 2.711ms
[2025-12-26T16:06:50.506+0100][gc,marking  ] GC(2) Concurrent Rebuild Remembered Sets
[2025-12-26T16:06:50.507+0100][gc,marking  ] GC(2) Concurrent Rebuild Remembered Sets 1.341ms
[2025-12-26T16:06:50.507+0100][gc,start    ] GC(2) Pause Cleanup
[2025-12-26T16:06:50.507+0100][gc          ] GC(2) Pause Cleanup 9M->9M(1024M) 0.090ms
[2025-12-26T16:06:50.507+0100][gc,cpu      ] GC(2) User=0.00s Sys=0.00s Real=0.00s
[2025-12-26T16:06:50.507+0100][gc,marking  ] GC(2) Concurrent Cleanup for Next Mark
[2025-12-26T16:06:50.509+0100][gc,marking  ] GC(2) Concurrent Cleanup for Next Mark 1.721ms
[2025-12-26T16:06:50.509+0100][gc          ] GC(2) Concurrent Mark Cycle 7.393ms
[2025-12-26T16:06:52.181+0100][gc,start    ] GC(3) Pause Young (Normal) (G1 Evacuation Pause)
[2025-12-26T16:06:52.181+0100][gc,task     ] GC(3) Using 8 workers of 8 for evacuation
[2025-12-26T16:06:52.183+0100][gc,phases   ] GC(3)   Pre Evacuate Collection Set: 0.1ms
[2025-12-26T16:06:52.183+0100][gc,phases   ] GC(3)   Merge Heap Roots: 0.1ms
[2025-12-26T16:06:52.183+0100][gc,phases   ] GC(3)   Evacuate Collection Set: 1.6ms
[2025-12-26T16:06:52.183+0100][gc,phases   ] GC(3)   Post Evacuate Collection Set: 0.2ms
[2025-12-26T16:06:52.183+0100][gc,phases   ] GC(3)   Other: 0.1ms
[2025-12-26T16:06:52.183+0100][gc,heap     ] GC(3) Eden regions: 50->0(46)
[2025-12-26T16:06:52.183+0100][gc,heap     ] GC(3) Survivor regions: 1->5(7)
[2025-12-26T16:06:52.183+0100][gc,heap     ] GC(3) Old regions: 8->8
[2025-12-26T16:06:52.183+0100][gc,heap     ] GC(3) Archive regions: 2->2
[2025-12-26T16:06:52.183+0100][gc,heap     ] GC(3) Humongous regions: 129->129
[2025-12-26T16:06:52.183+0100][gc,metaspace] GC(3) Metaspace: 31094K(31360K)->31094K(31360K) NonClass: 27154K(27328K)->27154K(27328K) Class: 3940K(4032K)->3940K(4032K)
[2025-12-26T16:06:52.183+0100][gc          ] GC(3) Pause Young (Normal) (G1 Evacuation Pause) 187M->141M(1024M) 2.031ms
[2025-12-26T16:06:52.183+0100][gc,cpu      ] GC(3) User=0.01s Sys=0.00s Real=0.00s
[2025-12-26T16:06:56.505+0100][gc,heap,exit] Heap
[2025-12-26T16:06:56.505+0100][gc,heap,exit]  garbage-first heap   total 1048576K, used 155433K [0x00000007c0000000, 0x0000000800000000)
[2025-12-26T16:06:56.505+0100][gc,heap,exit]   region size 1024K, 15 young (15360K), 5 survivors (5120K)
[2025-12-26T16:06:56.505+0100][gc,heap,exit]  Metaspace       used 32086K, committed 32320K, reserved 1114112K
[2025-12-26T16:06:56.505+0100][gc,heap,exit]   class space    used 4119K, committed 4224K, reserved 1048576K
