[2025-12-26T16:07:31.986+0100][gc] Using G1
[2025-12-26T16:07:31.988+0100][gc,init] Version: 17.0.7+7-LTS (release)
[2025-12-26T16:07:31.988+0100][gc,init] CPUs: 8 total, 8 available
[2025-12-26T16:07:31.988+0100][gc,init] Memory: 16384M
[2025-12-26T16:07:31.988+0100][gc,init] Large Page Support: Disabled
[2025-12-26T16:07:31.988+0100][gc,init] NUMA Support: Disabled
[2025-12-26T16:07:31.988+0100][gc,init] Compressed Oops: Enabled (Zero based)
[2025-12-26T16:07:31.988+0100][gc,init] Heap Region Size: 1M
[2025-12-26T16:07:31.988+0100][gc,init] Heap Min Capacity: 1G
[2025-12-26T16:07:31.988+0100][gc,init] Heap Initial Capacity: 1G
[2025-12-26T16:07:31.988+0100][gc,init] Heap Max Capacity: 1G
[2025-12-26T16:07:31.988+0100][gc,init] Pre-touch: Disabled
[2025-12-26T16:07:31.988+0100][gc,init] Parallel Workers: 8
[2025-12-26T16:07:31.988+0100][gc,init] Concurrent Workers: 2
[2025-12-26T16:07:31.988+0100][gc,init] Concurrent Refinement Workers: 8
[2025-12-26T16:07:31.988+0100][gc,init] Periodic GC: Disabled
[2025-12-26T16:07:31.988+0100][gc,metaspace] CDS archive(s) mapped at: [0x0000000800000000-0x0000000800bd4000-0x0000000800bd4000), size 12402688, SharedBaseAddress: 0x0000000800000000, ArchiveRelocationMode: 0.
[2025-12-26T16:07:31.988+0100][gc,metaspace] Compressed class space mapped at: 0x0000000801000000-0x0000000841000000, reserved size: 1073741824
[2025-12-26T16:07:31.988+0100][gc,metaspace] Narrow klass base: 0x0000000800000000, Narrow klass shift: 0, Narrow klass range: 0x100000000
[2025-12-26T16:07:32.947+0100][gc,start    ] GC(0) Pause Young (Normal) (G1 Evacuation Pause)
[2025-12-26T16:07:32.947+0100][gc,task     ] GC(0) Using 8 workers of 8 for evacuation
[2025-12-26T16:07:32.950+0100][gc,phases   ] GC(0)   Pre Evacuate Collection Set: 0.1ms
[2025-12-26T16:07:32.950+0100][gc,phases   ] GC(0)   Merge Heap Roots: 0.1ms
[2025-12-26T16:07:32.950+0100][gc,phases   ] GC(0)   Evacuate Collection Set: 2.1ms
[2025-12-26T16:07:32.950+0100][gc,phases   ] GC(0)   Post Evacuate Collection Set: 0.3ms
[2025-12-26T16:07:32.950+0100][gc,phases   ] GC(0)   Other: 0.3ms
[2025-12-26T16:07:32.950+0100][gc,heap     ] GC(0) Eden regions: 51->0(44)
[2025-12-26T16:07:32.950+0100][gc,heap     ] GC(0) Survivor regions: 0->7(7)
[2025-12-26T16:07:32.950+0100][gc,heap     ] GC(0) Old regions: 0->1
[2025-12-26T16:07:32.950+0100][gc,heap     ] GC(0) Archive regions: 2->2
[2025-12-26T16:07:32.950+0100][gc,heap     ] GC(0) Humongous regions: 0->0
[2025-12-26T16:07:32.950+0100][gc,metaspace] GC(0) Metaspace: 19327K(19584K)->19327K(19584K) NonClass: 16751K(16896K)->16751K(16896K) Class: 2576K(2688K)->2576K(2688K)
[2025-12-26T16:07:32.950+0100][gc          ] GC(0) Pause Young (Normal) (G1 Evacuation Pause) 51M->8M(1024M) 2.881ms
[2025-12-26T16:07:32.950+0100][gc,cpu      ] GC(0) User=0.02s Sys=0.01s Real=0.01s
[2025-12-26T16:07:33.032+0100][gc,start    ] GC(1) Pause Young (Concurrent Start) (Metadata GC Threshold)
[2025-12-26T16:07:33.032+0100][gc,task     ] GC(1) Using 8 workers of 8 for evacuation
[2025-12-26T16:07:33.036+0100][gc,phases   ] GC(1)   Pre Evacuate Collection Set: 0.1ms
[2025-12-26T16:07:33.036+0100][gc,phases   ] GC(1)   Merge Heap Roots: 0.0ms
[2025-12-26T16:07:33.036+0100][gc,phases   ] GC(1)   Evacuate Collection Set: 3.4ms
[2025-12-26T16:07:33.036+0100][gc,phases   ] GC(1)   Post Evacuate Collection Set: 0.2ms
[2025-12-26T16:07:33.036+0100][gc,phases   ] GC(1)   Other: 0.1ms
[2025-12-26T16:07:33.036+0100][gc,heap     ] GC(1) Eden regions: 9->0(50)
[2025-12-26T16:07:33.036+0100][gc,heap     ] GC(1) Survivor regions: 7->1(7)
[2025-12-26T16:07:33.036+0100][gc,heap     ] GC(1) Old regions: 1->7
[2025-12-26T16:07:33.036+0100][gc,heap     ] GC(1) Archive regions: 2->2
[2025-12-26T16:07:33.036+0100][gc,heap     ] GC(1) Humongous regions: 0->0
[2025-12-26T16:07:33.036+0100][gc,metaspace] GC(1) Metaspace: 21272K(21504K)->21272K(21504K) NonClass: 18417K(18496K)->18417K(18496K) Class: 2854K(3008K)->2854K(3008K)
[2025-12-26T16:07:33.036+0100][gc          ] GC(1) Pause Young (Concurrent Start) (Metadata GC Threshold) 16M->8M(1024M) 3.937ms
[2025-12-26T16:07:33.036+0100][gc,cpu      ] GC(1) User=0.02s Sys=0.01s Real=0.00s
[2025-12-26T16:07:33.036+0100][gc          ] GC(2) Concurrent Mark Cycle
[2025-12-26T16:07:33.036+0100][gc,marking  ] GC(2) Concurrent Clear Claimed Marks
[2025-12-26T16:07:33.036+0100][gc,marking  ] GC(2) Concurrent Clear Claimed Marks 0.010ms
[2025-12-26T16:07:33.036+0100][gc,marking  ] GC(2) Concurrent Scan Root Regions
[2025-12-26T16:07:33.038+0100][gc,marking  ] GC(2) Concurrent Scan Root Regions 1.499ms
[2025-12-26T16:07:33.038+0100][gc,marking  ] GC(2) Concurrent Mark
[2025-12-26T16:07:33.038+0100][gc,marking  ] GC(2) Concurrent Mark From Roots
[2025-12-26T16:07:33.038+0100][gc,task     ] GC(2) Using 2 workers of 2 for marking
[2025-12-26T16:07:33.039+0100][gc,marking  ] GC(2) Concurrent Mark From Roots 0.900ms
[2025-12-26T16:07:33.039+0100][gc,marking  ] GC(2) Concurrent Preclean
[2025-12-26T16:07:33.039+0100][gc,marking  ] GC(2) Concurrent Preclean 0.013ms
[2025-12-26T16:07:33.039+0100][gc,start    ] GC(2) Pause Remark
[2025-12-26T16:07:33.040+0100][gc          ] GC(2) Pause Remark 9M->9M(1024M) 0.856ms
[2025-12-26T16:07:33.040+0100][gc,cpu      ] GC(2) User=0.00s Sys=0.00s Real=0.01s
[2025-12-26T16:07:33.040+0100][gc,marking  ] GC(2) Concurrent Mark 1.873ms
[2025-12-26T16:07:33.040+0100][gc,marking  ] GC(2) Concurrent Rebuild Remembered Sets
[2025-12-26T16:07:33.040+0100][gc,marking  ] GC(2) Concurrent Rebuild Remembered Sets 0.005ms
[2025-12-26T16:07:33.040+0100][gc,start    ] GC(2) Pause Cleanup
[2025-12-26T16:07:33.040+0100][gc          ] GC(2) Pause Cleanup 9M->9M(1024M) 0.006ms
[2025-12-26T16:07:33.040+0100][gc,cpu      ] GC(2) User=0.00s Sys=0.00s Real=0.00s
[2025-12-26T16:07:33.040+0100][gc,marking  ] GC(2) Concurrent Cleanup for Next Mark
[2025-12-26T16:07:33.042+0100][gc,marking  ] GC(2) Concurrent Cleanup for Next Mark 1.754ms
[2025-12-26T16:07:33.042+0100][gc          ] GC(2) Concurrent Mark Cycle 5.289ms
[2025-12-26T16:07:33.632+0100][gc,start    ] GC(3) Pause Young (Normal) (G1 Evacuation Pause)
[2025-12-26T16:07:33.632+0100][gc,task     ] GC(3) Using 8 workers of 8 for evacuation
[2025-12-26T16:07:33.635+0100][gc,phases   ] GC(3)   Pre Evacuate Collection Set: 0.1ms
[2025-12-26T16:07:33.635+0100][gc,phases   ] GC(3)   Merge Heap Roots: 0.1ms
[2025-12-26T16:07:33.635+0100][gc,phases   ] GC(3)   Evacuate Collection Set: 2.2ms
[2025-12-26T16:07:33.635+0100][gc,phases   ] GC(3)   Post Evacuate Collection Set: 0.2ms
[2025-12-26T16:07:33.635+0100][gc,phases   ] GC(3)   Other: 0.1ms
[2025-12-26T16:07:33.635+0100][gc,heap     ] GC(3) Eden regions: 50->0(45)
[2025-12-26T16:07:33.635+0100][gc,heap     ] GC(3) Survivor regions: 1->6(7)
[2025-12-26T16:07:33.635+0100][gc,heap     ] GC(3) Old regions: 7->7
[2025-12-26T16:07:33.635+0100][gc,heap     ] GC(3) Archive regions: 2->2
[2025-12-26T16:07:33.635+0100][gc,heap     ] GC(3) Humongous regions: 129->129
[2025-12-26T16:07:33.635+0100][gc,metaspace] GC(3) Metaspace: 31765K(32064K)->31765K(32064K) NonClass: 27780K(27968K)->27780K(27968K) Class: 3984K(4096K)->3984K(4096K)
[2025-12-26T16:07:33.635+0100][gc          ] GC(3) Pause Young (Normal) (G1 Evacuation Pause) 187M->142M(1024M) 2.718ms
[2025-12-26T16:07:33.635+0100][gc,cpu      ] GC(3) User=0.02s Sys=0.00s Real=0.00s
[2025-12-26T16:07:33.756+0100][gc,start    ] GC(4) Pause Young (Concurrent Start) (Metadata GC Threshold)
[2025-12-26T16:07:33.756+0100][gc,task     ] GC(4) Using 8 workers of 8 for evacuation
[2025-12-26T16:07:33.759+0100][gc,phases   ] GC(4)   Pre Evacuate Collection Set: 0.1ms
[2025-12-26T16:07:33.759+0100][gc,phases   ] GC(4)   Merge Heap Roots: 0.1ms
[2025-12-26T16:07:33.759+0100][gc,phases   ] GC(4)   Evacuate Collection Set: 1.9ms
[2025-12-26T16:07:33.759+0100][gc,phases   ] GC(4)   Post Evacuate Collection Set: 0.2ms
[2025-12-26T16:07:33.759+0100][gc,phases   ] GC(4)   Other: 0.2ms
[2025-12-26T16:07:33.759+0100][gc,heap     ] GC(4) Eden regions: 18->0(49)
[2025-12-26T16:07:33.759+0100][gc,heap     ] GC(4) Survivor regions: 6->2(7)
[2025-12-26T16:07:33.759+0100][gc,heap     ] GC(4) Old regions: 7->13
[2025-12-26T16:07:33.759+0100][gc,heap     ] GC(4) Archive regions: 2->2
[2025-12-26T16:07:33.759+0100][gc,heap     ] GC(4) Humongous regions: 129->129
[2025-12-26T16:07:33.759+0100][gc,metaspace] GC(4) Metaspace: 35700K(35968K)->35700K(35968K) NonClass: 31256K(31424K)->31256K(31424K) Class: 4443K(4544K)->4443K(4544K)
[2025-12-26T16:07:33.759+0100][gc          ] GC(4) Pause Young (Concurrent Start) (Metadata GC Threshold) 159M->143M(1024M) 2.504ms
[2025-12-26T16:07:33.759+0100][gc,cpu      ] GC(4) User=0.01s Sys=0.00s Real=0.00s
[2025-12-26T16:07:33.759+0100][gc          ] GC(5) Concurrent Mark Cycle
[2025-12-26T16:07:33.759+0100][gc,marking  ] GC(5) Concurrent Clear Claimed Marks
[2025-12-26T16:07:33.759+0100][gc,marking  ] GC(5) Concurrent Clear Claimed Marks 0.010ms
[2025-12-26T16:07:33.759+0100][gc,marking  ] GC(5) Concurrent Scan Root Regions
[2025-12-26T16:07:33.760+0100][gc,marking  ] GC(5) Concurrent Scan Root Regions 1.414ms
[2025-12-26T16:07:33.760+0100][gc,marking  ] GC(5) Concurrent Mark
[2025-12-26T16:07:33.760+0100][gc,marking  ] GC(5) Concurrent Mark From Roots
[2025-12-26T16:07:33.760+0100][gc,task     ] GC(5) Using 2 workers of 2 for marking
[2025-12-26T16:07:33.763+0100][gc,marking  ] GC(5) Concurrent Mark From Roots 2.859ms
[2025-12-26T16:07:33.763+0100][gc,marking  ] GC(5) Concurrent Preclean
[2025-12-26T16:07:33.763+0100][gc,marking  ] GC(5) Concurrent Preclean 0.052ms
[2025-12-26T16:07:33.763+0100][gc,start    ] GC(5) Pause Remark
[2025-12-26T16:07:33.764+0100][gc          ] GC(5) Pause Remark 144M->144M(1024M) 0.910ms
[2025-12-26T16:07:33.764+0100][gc,cpu      ] GC(5) User=0.00s Sys=0.00s Real=0.00s
[2025-12-26T16:07:33.764+0100][gc,marking  ] GC(5) Concurrent Mark 4.219ms
[2025-12-26T16:07:33.764+0100][gc,marking  ] GC(5) Concurrent Rebuild Remembered Sets
[2025-12-26T16:07:33.767+0100][gc,marking  ] GC(5) Concurrent Rebuild Remembered Sets 2.645ms
[2025-12-26T16:07:33.767+0100][gc,start    ] GC(5) Pause Cleanup
[2025-12-26T16:07:33.767+0100][gc          ] GC(5) Pause Cleanup 144M->144M(1024M) 0.069ms
[2025-12-26T16:07:33.767+0100][gc,cpu      ] GC(5) User=0.00s Sys=0.00s Real=0.00s
[2025-12-26T16:07:33.767+0100][gc,marking  ] GC(5) Concurrent Cleanup for Next Mark
[2025-12-26T16:07:33.769+0100][gc,marking  ] GC(5) Concurrent Cleanup for Next Mark 1.704ms
[2025-12-26T16:07:33.769+0100][gc          ] GC(5) Concurrent Mark Cycle 10.256ms
[2025-12-26T16:08:12.217+0100][gc,heap,exit] Heap
[2025-12-26T16:08:12.218+0100][gc,heap,exit]  garbage-first heap   total 1048576K, used 206749K [0x00000007c0000000, 0x0000000800000000)
[2025-12-26T16:08:12.218+0100][gc,heap,exit]   region size 1024K, 43 young (44032K), 2 survivors (2048K)
[2025-12-26T16:08:12.218+0100][gc,heap,exit]  Metaspace       used 41108K, committed 41728K, reserved 1114112K
[2025-12-26T16:08:12.218+0100][gc,heap,exit]   class space    used 5423K, committed 5696K, reserved 1048576K
