[2025-12-18T01:40:44.928+0800][gc] Using G1
[2025-12-18T01:40:44.929+0800][gc,init] Version: 17.0.7+7-LTS (release)
[2025-12-18T01:40:44.929+0800][gc,init] CPUs: 8 total, 8 available
[2025-12-18T01:40:44.929+0800][gc,init] Memory: 16384M
[2025-12-18T01:40:44.929+0800][gc,init] Large Page Support: Disabled
[2025-12-18T01:40:44.929+0800][gc,init] NUMA Support: Disabled
[2025-12-18T01:40:44.929+0800][gc,init] Compressed Oops: Enabled (Zero based)
[2025-12-18T01:40:44.929+0800][gc,init] Heap Region Size: 1M
[2025-12-18T01:40:44.929+0800][gc,init] Heap Min Capacity: 1G
[2025-12-18T01:40:44.929+0800][gc,init] Heap Initial Capacity: 1G
[2025-12-18T01:40:44.929+0800][gc,init] Heap Max Capacity: 1G
[2025-12-18T01:40:44.929+0800][gc,init] Pre-touch: Disabled
[2025-12-18T01:40:44.929+0800][gc,init] Parallel Workers: 8
[2025-12-18T01:40:44.929+0800][gc,init] Concurrent Workers: 2
[2025-12-18T01:40:44.929+0800][gc,init] Concurrent Refinement Workers: 8
[2025-12-18T01:40:44.929+0800][gc,init] Periodic GC: Disabled
[2025-12-18T01:40:44.929+0800][gc,metaspace] CDS archive(s) mapped at: [0x0000000800000000-0x0000000800bd4000-0x0000000800bd4000), size 12402688, SharedBaseAddress: 0x0000000800000000, ArchiveRelocationMode: 0.
[2025-12-18T01:40:44.929+0800][gc,metaspace] Compressed class space mapped at: 0x0000000801000000-0x0000000841000000, reserved size: 1073741824
[2025-12-18T01:40:44.929+0800][gc,metaspace] Narrow klass base: 0x0000000800000000, Narrow klass shift: 0, Narrow klass range: 0x100000000
[2025-12-18T01:40:54.354+0800][gc,heap,exit] Heap
[2025-12-18T01:40:54.355+0800][gc,heap,exit]  garbage-first heap   total 1048576K, used 39904K [0x00000007c0000000, 0x0000000800000000)
[2025-12-18T01:40:54.355+0800][gc,heap,exit]   region size 1024K, 38 young (38912K), 0 survivors (0K)
[2025-12-18T01:40:54.355+0800][gc,heap,exit]  Metaspace       used 14353K, committed 14528K, reserved 1114112K
[2025-12-18T01:40:54.355+0800][gc,heap,exit]   class space    used 1929K, committed 1984K, reserved 1048576K
