[2025-12-26T16:06:02.267+0100][gc] Using G1
[2025-12-26T16:06:02.268+0100][gc,init] Version: 17.0.7+7-LTS (release)
[2025-12-26T16:06:02.268+0100][gc,init] CPUs: 8 total, 8 available
[2025-12-26T16:06:02.268+0100][gc,init] Memory: 16384M
[2025-12-26T16:06:02.268+0100][gc,init] Large Page Support: Disabled
[2025-12-26T16:06:02.268+0100][gc,init] NUMA Support: Disabled
[2025-12-26T16:06:02.268+0100][gc,init] Compressed Oops: Enabled (Zero based)
[2025-12-26T16:06:02.268+0100][gc,init] Heap Region Size: 1M
[2025-12-26T16:06:02.268+0100][gc,init] Heap Min Capacity: 1G
[2025-12-26T16:06:02.268+0100][gc,init] Heap Initial Capacity: 1G
[2025-12-26T16:06:02.268+0100][gc,init] Heap Max Capacity: 1G
[2025-12-26T16:06:02.268+0100][gc,init] Pre-touch: Disabled
[2025-12-26T16:06:02.268+0100][gc,init] Parallel Workers: 8
[2025-12-26T16:06:02.268+0100][gc,init] Concurrent Workers: 2
[2025-12-26T16:06:02.268+0100][gc,init] Concurrent Refinement Workers: 8
[2025-12-26T16:06:02.268+0100][gc,init] Periodic GC: Disabled
[2025-12-26T16:06:02.268+0100][gc,metaspace] CDS archive(s) mapped at: [0x0000000800000000-0x0000000800bd4000-0x0000000800bd4000), size 12402688, SharedBaseAddress: 0x0000000800000000, ArchiveRelocationMode: 0.
[2025-12-26T16:06:02.268+0100][gc,metaspace] Compressed class space mapped at: 0x0000000801000000-0x0000000841000000, reserved size: 1073741824
[2025-12-26T16:06:02.268+0100][gc,metaspace] Narrow klass base: 0x0000000800000000, Narrow klass shift: 0, Narrow klass range: 0x100000000
[2025-12-26T16:06:03.321+0100][gc,start    ] GC(0) Pause Young (Normal) (G1 Evacuation Pause)
[2025-12-26T16:06:03.322+0100][gc,task     ] GC(0) Using 8 workers of 8 for evacuation
[2025-12-26T16:06:03.326+0100][gc,phases   ] GC(0)   Pre Evacuate Collection Set: 0.7ms
[2025-12-26T16:06:03.327+0100][gc,phases   ] GC(0)   Merge Heap Roots: 0.0ms
[2025-12-26T16:06:03.327+0100][gc,phases   ] GC(0)   Evacuate Collection Set: 2.9ms
[2025-12-26T16:06:03.327+0100][gc,phases   ] GC(0)   Post Evacuate Collection Set: 0.3ms
[2025-12-26T16:06:03.327+0100][gc,phases   ] GC(0)   Other: 1.5ms
[2025-12-26T16:06:03.327+0100][gc,heap     ] GC(0) Eden regions: 51->0(44)
[2025-12-26T16:06:03.328+0100][gc,heap     ] GC(0) Survivor regions: 0->7(7)
[2025-12-26T16:06:03.328+0100][gc,heap     ] GC(0) Old regions: 0->1
[2025-12-26T16:06:03.328+0100][gc,heap     ] GC(0) Archive regions: 2->2
[2025-12-26T16:06:03.328+0100][gc,heap     ] GC(0) Humongous regions: 0->0
[2025-12-26T16:06:03.329+0100][gc,metaspace] GC(0) Metaspace: 19333K(19584K)->19333K(19584K) NonClass: 16756K(16896K)->16756K(16896K) Class: 2576K(2688K)->2576K(2688K)
[2025-12-26T16:06:03.329+0100][gc          ] GC(0) Pause Young (Normal) (G1 Evacuation Pause) 51M->8M(1024M) 7.435ms
[2025-12-26T16:06:03.329+0100][gc,cpu      ] GC(0) User=0.01s Sys=0.00s Real=0.00s
[2025-12-26T16:06:03.435+0100][gc,start    ] GC(1) Pause Young (Concurrent Start) (Metadata GC Threshold)
[2025-12-26T16:06:03.435+0100][gc,task     ] GC(1) Using 8 workers of 8 for evacuation
[2025-12-26T16:06:03.441+0100][gc,phases   ] GC(1)   Pre Evacuate Collection Set: 0.2ms
[2025-12-26T16:06:03.441+0100][gc,phases   ] GC(1)   Merge Heap Roots: 0.1ms
[2025-12-26T16:06:03.441+0100][gc,phases   ] GC(1)   Evacuate Collection Set: 4.5ms
[2025-12-26T16:06:03.441+0100][gc,phases   ] GC(1)   Post Evacuate Collection Set: 1.0ms
[2025-12-26T16:06:03.441+0100][gc,phases   ] GC(1)   Other: 0.1ms
[2025-12-26T16:06:03.441+0100][gc,heap     ] GC(1) Eden regions: 9->0(50)
[2025-12-26T16:06:03.443+0100][gc,heap     ] GC(1) Survivor regions: 7->1(7)
[2025-12-26T16:06:03.443+0100][gc,heap     ] GC(1) Old regions: 1->8
[2025-12-26T16:06:03.444+0100][gc,heap     ] GC(1) Archive regions: 2->2
[2025-12-26T16:06:03.444+0100][gc,heap     ] GC(1) Humongous regions: 0->0
[2025-12-26T16:06:03.444+0100][gc,metaspace] GC(1) Metaspace: 21273K(21504K)->21273K(21504K) NonClass: 18418K(18496K)->18418K(18496K) Class: 2854K(3008K)->2854K(3008K)
[2025-12-26T16:06:03.444+0100][gc          ] GC(1) Pause Young (Concurrent Start) (Metadata GC Threshold) 16M->9M(1024M) 9.401ms
[2025-12-26T16:06:03.444+0100][gc,cpu      ] GC(1) User=0.01s Sys=0.01s Real=0.01s
[2025-12-26T16:06:03.444+0100][gc          ] GC(2) Concurrent Mark Cycle
[2025-12-26T16:06:03.444+0100][gc,marking  ] GC(2) Concurrent Clear Claimed Marks
[2025-12-26T16:06:03.444+0100][gc,marking  ] GC(2) Concurrent Clear Claimed Marks 0.012ms
[2025-12-26T16:06:03.444+0100][gc,marking  ] GC(2) Concurrent Scan Root Regions
[2025-12-26T16:06:03.446+0100][gc,marking  ] GC(2) Concurrent Scan Root Regions 1.450ms
[2025-12-26T16:06:03.446+0100][gc,marking  ] GC(2) Concurrent Mark
[2025-12-26T16:06:03.446+0100][gc,marking  ] GC(2) Concurrent Mark From Roots
[2025-12-26T16:06:03.446+0100][gc,task     ] GC(2) Using 2 workers of 2 for marking
[2025-12-26T16:06:03.448+0100][gc,marking  ] GC(2) Concurrent Mark From Roots 1.814ms
[2025-12-26T16:06:03.448+0100][gc,marking  ] GC(2) Concurrent Preclean
[2025-12-26T16:06:03.448+0100][gc,marking  ] GC(2) Concurrent Preclean 0.015ms
[2025-12-26T16:06:03.448+0100][gc,start    ] GC(2) Pause Remark
[2025-12-26T16:06:03.449+0100][gc          ] GC(2) Pause Remark 9M->9M(1024M) 1.302ms
[2025-12-26T16:06:03.449+0100][gc,cpu      ] GC(2) User=0.00s Sys=0.00s Real=0.00s
[2025-12-26T16:06:03.449+0100][gc,marking  ] GC(2) Concurrent Mark 3.549ms
[2025-12-26T16:06:03.449+0100][gc,marking  ] GC(2) Concurrent Rebuild Remembered Sets
[2025-12-26T16:06:03.451+0100][gc,marking  ] GC(2) Concurrent Rebuild Remembered Sets 1.568ms
[2025-12-26T16:06:03.451+0100][gc,start    ] GC(2) Pause Cleanup
[2025-12-26T16:06:03.451+0100][gc          ] GC(2) Pause Cleanup 9M->9M(1024M) 0.133ms
[2025-12-26T16:06:03.451+0100][gc,cpu      ] GC(2) User=0.00s Sys=0.00s Real=0.00s
[2025-12-26T16:06:03.451+0100][gc,marking  ] GC(2) Concurrent Cleanup for Next Mark
[2025-12-26T16:06:03.453+0100][gc,marking  ] GC(2) Concurrent Cleanup for Next Mark 1.868ms
[2025-12-26T16:06:03.453+0100][gc          ] GC(2) Concurrent Mark Cycle 9.036ms
[2025-12-26T16:06:04.059+0100][gc,start    ] GC(3) Pause Young (Normal) (G1 Evacuation Pause)
[2025-12-26T16:06:04.059+0100][gc,task     ] GC(3) Using 8 workers of 8 for evacuation
[2025-12-26T16:06:04.061+0100][gc,phases   ] GC(3)   Pre Evacuate Collection Set: 0.1ms
[2025-12-26T16:06:04.061+0100][gc,phases   ] GC(3)   Merge Heap Roots: 0.0ms
[2025-12-26T16:06:04.061+0100][gc,phases   ] GC(3)   Evacuate Collection Set: 1.5ms
[2025-12-26T16:06:04.061+0100][gc,phases   ] GC(3)   Post Evacuate Collection Set: 0.2ms
[2025-12-26T16:06:04.061+0100][gc,phases   ] GC(3)   Other: 0.1ms
[2025-12-26T16:06:04.061+0100][gc,heap     ] GC(3) Eden regions: 50->0(45)
[2025-12-26T16:06:04.061+0100][gc,heap     ] GC(3) Survivor regions: 1->6(7)
[2025-12-26T16:06:04.061+0100][gc,heap     ] GC(3) Old regions: 8->8
[2025-12-26T16:06:04.061+0100][gc,heap     ] GC(3) Archive regions: 2->2
[2025-12-26T16:06:04.061+0100][gc,heap     ] GC(3) Humongous regions: 129->129
[2025-12-26T16:06:04.061+0100][gc,metaspace] GC(3) Metaspace: 31833K(32128K)->31833K(32128K) NonClass: 27844K(28032K)->27844K(28032K) Class: 3989K(4096K)->3989K(4096K)
[2025-12-26T16:06:04.061+0100][gc          ] GC(3) Pause Young (Normal) (G1 Evacuation Pause) 188M->142M(1024M) 2.026ms
[2025-12-26T16:06:04.061+0100][gc,cpu      ] GC(3) User=0.02s Sys=0.00s Real=0.01s
[2025-12-26T16:06:04.168+0100][gc,start    ] GC(4) Pause Young (Concurrent Start) (Metadata GC Threshold)
[2025-12-26T16:06:04.168+0100][gc,task     ] GC(4) Using 8 workers of 8 for evacuation
[2025-12-26T16:06:04.170+0100][gc,phases   ] GC(4)   Pre Evacuate Collection Set: 0.1ms
[2025-12-26T16:06:04.170+0100][gc,phases   ] GC(4)   Merge Heap Roots: 0.1ms
[2025-12-26T16:06:04.170+0100][gc,phases   ] GC(4)   Evacuate Collection Set: 2.2ms
[2025-12-26T16:06:04.170+0100][gc,phases   ] GC(4)   Post Evacuate Collection Set: 0.2ms
[2025-12-26T16:06:04.170+0100][gc,phases   ] GC(4)   Other: 0.1ms
[2025-12-26T16:06:04.170+0100][gc,heap     ] GC(4) Eden regions: 17->0(49)
[2025-12-26T16:06:04.170+0100][gc,heap     ] GC(4) Survivor regions: 6->2(7)
[2025-12-26T16:06:04.170+0100][gc,heap     ] GC(4) Old regions: 8->13
[2025-12-26T16:06:04.170+0100][gc,heap     ] GC(4) Archive regions: 2->2
[2025-12-26T16:06:04.170+0100][gc,heap     ] GC(4) Humongous regions: 129->129
[2025-12-26T16:06:04.170+0100][gc,metaspace] GC(4) Metaspace: 35704K(35968K)->35704K(35968K) NonClass: 31265K(31424K)->31265K(31424K) Class: 4438K(4544K)->4438K(4544K)
[2025-12-26T16:06:04.170+0100][gc          ] GC(4) Pause Young (Concurrent Start) (Metadata GC Threshold) 158M->143M(1024M) 2.797ms
[2025-12-26T16:06:04.170+0100][gc,cpu      ] GC(4) User=0.01s Sys=0.00s Real=0.01s
[2025-12-26T16:06:04.170+0100][gc          ] GC(5) Concurrent Mark Cycle
[2025-12-26T16:06:04.170+0100][gc,marking  ] GC(5) Concurrent Clear Claimed Marks
[2025-12-26T16:06:04.170+0100][gc,marking  ] GC(5) Concurrent Clear Claimed Marks 0.016ms
[2025-12-26T16:06:04.170+0100][gc,marking  ] GC(5) Concurrent Scan Root Regions
[2025-12-26T16:06:04.172+0100][gc,marking  ] GC(5) Concurrent Scan Root Regions 1.291ms
[2025-12-26T16:06:04.172+0100][gc,marking  ] GC(5) Concurrent Mark
[2025-12-26T16:06:04.172+0100][gc,marking  ] GC(5) Concurrent Mark From Roots
[2025-12-26T16:06:04.172+0100][gc,task     ] GC(5) Using 2 workers of 2 for marking
[2025-12-26T16:06:04.193+0100][gc,marking  ] GC(5) Concurrent Mark From Roots 20.865ms
[2025-12-26T16:06:04.193+0100][gc,marking  ] GC(5) Concurrent Preclean
[2025-12-26T16:06:04.193+0100][gc,marking  ] GC(5) Concurrent Preclean 0.063ms
[2025-12-26T16:06:04.193+0100][gc,start    ] GC(5) Pause Remark
[2025-12-26T16:06:04.195+0100][gc          ] GC(5) Pause Remark 145M->145M(1024M) 1.624ms
[2025-12-26T16:06:04.229+0100][gc,cpu      ] GC(5) User=0.00s Sys=0.00s Real=0.03s
[2025-12-26T16:06:04.229+0100][gc,marking  ] GC(5) Concurrent Mark 57.399ms
[2025-12-26T16:06:04.229+0100][gc,marking  ] GC(5) Concurrent Rebuild Remembered Sets
[2025-12-26T16:06:04.232+0100][gc,marking  ] GC(5) Concurrent Rebuild Remembered Sets 2.982ms
[2025-12-26T16:06:04.232+0100][gc,start    ] GC(5) Pause Cleanup
[2025-12-26T16:06:04.232+0100][gc          ] GC(5) Pause Cleanup 146M->146M(1024M) 0.165ms
[2025-12-26T16:06:04.232+0100][gc,cpu      ] GC(5) User=0.00s Sys=0.00s Real=0.00s
[2025-12-26T16:06:04.233+0100][gc,marking  ] GC(5) Concurrent Cleanup for Next Mark
[2025-12-26T16:06:04.234+0100][gc,marking  ] GC(5) Concurrent Cleanup for Next Mark 1.541ms
[2025-12-26T16:06:04.235+0100][gc          ] GC(5) Concurrent Mark Cycle 64.981ms
[2025-12-26T16:06:33.524+0100][gc,heap,exit] Heap
[2025-12-26T16:06:33.524+0100][gc,heap,exit]  garbage-first heap   total 1048576K, used 197676K [0x00000007c0000000, 0x0000000800000000)
[2025-12-26T16:06:33.524+0100][gc,heap,exit]   region size 1024K, 40 young (40960K), 2 survivors (2048K)
[2025-12-26T16:06:33.524+0100][gc,heap,exit]  Metaspace       used 40672K, committed 41344K, reserved 1114112K
[2025-12-26T16:06:33.524+0100][gc,heap,exit]   class space    used 5351K, committed 5632K, reserved 1048576K
