[2025-12-18T01:41:31.796+0800][gc] Using G1
[2025-12-18T01:41:31.797+0800][gc,init] Version: 17.0.7+7-LTS (release)
[2025-12-18T01:41:31.798+0800][gc,init] CPUs: 8 total, 8 available
[2025-12-18T01:41:31.798+0800][gc,init] Memory: 16384M
[2025-12-18T01:41:31.798+0800][gc,init] Large Page Support: Disabled
[2025-12-18T01:41:31.798+0800][gc,init] NUMA Support: Disabled
[2025-12-18T01:41:31.798+0800][gc,init] Compressed Oops: Enabled (Zero based)
[2025-12-18T01:41:31.798+0800][gc,init] Heap Region Size: 1M
[2025-12-18T01:41:31.798+0800][gc,init] Heap Min Capacity: 1G
[2025-12-18T01:41:31.798+0800][gc,init] Heap Initial Capacity: 1G
[2025-12-18T01:41:31.798+0800][gc,init] Heap Max Capacity: 1G
[2025-12-18T01:41:31.798+0800][gc,init] Pre-touch: Disabled
[2025-12-18T01:41:31.798+0800][gc,init] Parallel Workers: 8
[2025-12-18T01:41:31.798+0800][gc,init] Concurrent Workers: 2
[2025-12-18T01:41:31.798+0800][gc,init] Concurrent Refinement Workers: 8
[2025-12-18T01:41:31.798+0800][gc,init] Periodic GC: Disabled
[2025-12-18T01:41:31.798+0800][gc,metaspace] CDS archive(s) mapped at: [0x0000000800000000-0x0000000800bd4000-0x0000000800bd4000), size 12402688, SharedBaseAddress: 0x0000000800000000, ArchiveRelocationMode: 0.
[2025-12-18T01:41:31.798+0800][gc,metaspace] Compressed class space mapped at: 0x0000000801000000-0x0000000841000000, reserved size: 1073741824
[2025-12-18T01:41:31.798+0800][gc,metaspace] Narrow klass base: 0x0000000800000000, Narrow klass shift: 0, Narrow klass range: 0x100000000
[2025-12-18T01:41:32.721+0800][gc,start    ] GC(0) Pause Young (Normal) (G1 Evacuation Pause)
[2025-12-18T01:41:32.721+0800][gc,task     ] GC(0) Using 8 workers of 8 for evacuation
[2025-12-18T01:41:32.724+0800][gc,phases   ] GC(0)   Pre Evacuate Collection Set: 0.1ms
[2025-12-18T01:41:32.724+0800][gc,phases   ] GC(0)   Merge Heap Roots: 0.0ms
[2025-12-18T01:41:32.724+0800][gc,phases   ] GC(0)   Evacuate Collection Set: 2.2ms
[2025-12-18T01:41:32.724+0800][gc,phases   ] GC(0)   Post Evacuate Collection Set: 0.3ms
[2025-12-18T01:41:32.724+0800][gc,phases   ] GC(0)   Other: 0.4ms
[2025-12-18T01:41:32.724+0800][gc,heap     ] GC(0) Eden regions: 51->0(44)
[2025-12-18T01:41:32.724+0800][gc,heap     ] GC(0) Survivor regions: 0->7(7)
[2025-12-18T01:41:32.724+0800][gc,heap     ] GC(0) Old regions: 0->1
[2025-12-18T01:41:32.724+0800][gc,heap     ] GC(0) Archive regions: 2->2
[2025-12-18T01:41:32.724+0800][gc,heap     ] GC(0) Humongous regions: 0->0
[2025-12-18T01:41:32.724+0800][gc,metaspace] GC(0) Metaspace: 19333K(19456K)->19333K(19456K) NonClass: 16761K(16832K)->16761K(16832K) Class: 2571K(2624K)->2571K(2624K)
[2025-12-18T01:41:32.724+0800][gc          ] GC(0) Pause Young (Normal) (G1 Evacuation Pause) 51M->8M(1024M) 3.097ms
[2025-12-18T01:41:32.724+0800][gc,cpu      ] GC(0) User=0.02s Sys=0.01s Real=0.00s
[2025-12-18T01:41:32.790+0800][gc,start    ] GC(1) Pause Young (Concurrent Start) (Metadata GC Threshold)
[2025-12-18T01:41:32.790+0800][gc,task     ] GC(1) Using 8 workers of 8 for evacuation
[2025-12-18T01:41:32.793+0800][gc,phases   ] GC(1)   Pre Evacuate Collection Set: 0.1ms
[2025-12-18T01:41:32.793+0800][gc,phases   ] GC(1)   Merge Heap Roots: 0.0ms
[2025-12-18T01:41:32.793+0800][gc,phases   ] GC(1)   Evacuate Collection Set: 3.1ms
[2025-12-18T01:41:32.793+0800][gc,phases   ] GC(1)   Post Evacuate Collection Set: 0.2ms
[2025-12-18T01:41:32.793+0800][gc,phases   ] GC(1)   Other: 0.1ms
[2025-12-18T01:41:32.793+0800][gc,heap     ] GC(1) Eden regions: 9->0(50)
[2025-12-18T01:41:32.793+0800][gc,heap     ] GC(1) Survivor regions: 7->1(7)
[2025-12-18T01:41:32.793+0800][gc,heap     ] GC(1) Old regions: 1->7
[2025-12-18T01:41:32.793+0800][gc,heap     ] GC(1) Archive regions: 2->2
[2025-12-18T01:41:32.793+0800][gc,heap     ] GC(1) Humongous regions: 0->0
[2025-12-18T01:41:32.793+0800][gc,metaspace] GC(1) Metaspace: 21280K(21504K)->21280K(21504K) NonClass: 18424K(18496K)->18424K(18496K) Class: 2856K(3008K)->2856K(3008K)
[2025-12-18T01:41:32.793+0800][gc          ] GC(1) Pause Young (Concurrent Start) (Metadata GC Threshold) 16M->8M(1024M) 3.631ms
[2025-12-18T01:41:32.793+0800][gc,cpu      ] GC(1) User=0.02s Sys=0.01s Real=0.00s
[2025-12-18T01:41:32.793+0800][gc          ] GC(2) Concurrent Mark Cycle
[2025-12-18T01:41:32.793+0800][gc,marking  ] GC(2) Concurrent Clear Claimed Marks
[2025-12-18T01:41:32.793+0800][gc,marking  ] GC(2) Concurrent Clear Claimed Marks 0.009ms
[2025-12-18T01:41:32.793+0800][gc,marking  ] GC(2) Concurrent Scan Root Regions
[2025-12-18T01:41:32.795+0800][gc,marking  ] GC(2) Concurrent Scan Root Regions 1.334ms
[2025-12-18T01:41:32.795+0800][gc,marking  ] GC(2) Concurrent Mark
[2025-12-18T01:41:32.795+0800][gc,marking  ] GC(2) Concurrent Mark From Roots
[2025-12-18T01:41:32.795+0800][gc,task     ] GC(2) Using 2 workers of 2 for marking
[2025-12-18T01:41:32.795+0800][gc,marking  ] GC(2) Concurrent Mark From Roots 0.744ms
[2025-12-18T01:41:32.795+0800][gc,marking  ] GC(2) Concurrent Preclean
[2025-12-18T01:41:32.795+0800][gc,marking  ] GC(2) Concurrent Preclean 0.014ms
[2025-12-18T01:41:32.796+0800][gc,start    ] GC(2) Pause Remark
[2025-12-18T01:41:32.796+0800][gc          ] GC(2) Pause Remark 9M->9M(1024M) 0.826ms
[2025-12-18T01:41:32.796+0800][gc,cpu      ] GC(2) User=0.01s Sys=0.00s Real=0.00s
[2025-12-18T01:41:32.796+0800][gc,marking  ] GC(2) Concurrent Mark 1.760ms
[2025-12-18T01:41:32.796+0800][gc,marking  ] GC(2) Concurrent Rebuild Remembered Sets
[2025-12-18T01:41:32.796+0800][gc,marking  ] GC(2) Concurrent Rebuild Remembered Sets 0.005ms
[2025-12-18T01:41:32.796+0800][gc,start    ] GC(2) Pause Cleanup
[2025-12-18T01:41:32.797+0800][gc          ] GC(2) Pause Cleanup 9M->9M(1024M) 0.017ms
[2025-12-18T01:41:32.797+0800][gc,cpu      ] GC(2) User=0.00s Sys=0.00s Real=0.00s
[2025-12-18T01:41:32.797+0800][gc,marking  ] GC(2) Concurrent Cleanup for Next Mark
[2025-12-18T01:41:32.798+0800][gc,marking  ] GC(2) Concurrent Cleanup for Next Mark 1.558ms
[2025-12-18T01:41:32.798+0800][gc          ] GC(2) Concurrent Mark Cycle 4.827ms
[2025-12-18T01:41:33.182+0800][gc,start    ] GC(3) Pause Young (Normal) (G1 Evacuation Pause)
[2025-12-18T01:41:33.182+0800][gc,task     ] GC(3) Using 8 workers of 8 for evacuation
[2025-12-18T01:41:33.184+0800][gc,phases   ] GC(3)   Pre Evacuate Collection Set: 0.1ms
[2025-12-18T01:41:33.184+0800][gc,phases   ] GC(3)   Merge Heap Roots: 0.0ms
[2025-12-18T01:41:33.184+0800][gc,phases   ] GC(3)   Evacuate Collection Set: 2.1ms
[2025-12-18T01:41:33.184+0800][gc,phases   ] GC(3)   Post Evacuate Collection Set: 0.2ms
[2025-12-18T01:41:33.184+0800][gc,phases   ] GC(3)   Other: 0.1ms
[2025-12-18T01:41:33.184+0800][gc,heap     ] GC(3) Eden regions: 50->0(45)
[2025-12-18T01:41:33.184+0800][gc,heap     ] GC(3) Survivor regions: 1->6(7)
[2025-12-18T01:41:33.184+0800][gc,heap     ] GC(3) Old regions: 7->7
[2025-12-18T01:41:33.184+0800][gc,heap     ] GC(3) Archive regions: 2->2
[2025-12-18T01:41:33.184+0800][gc,heap     ] GC(3) Humongous regions: 129->129
[2025-12-18T01:41:33.184+0800][gc,metaspace] GC(3) Metaspace: 33632K(33856K)->33632K(33856K) NonClass: 29512K(29632K)->29512K(29632K) Class: 4119K(4224K)->4119K(4224K)
[2025-12-18T01:41:33.184+0800][gc          ] GC(3) Pause Young (Normal) (G1 Evacuation Pause) 187M->142M(1024M) 2.632ms
[2025-12-18T01:41:33.184+0800][gc,cpu      ] GC(3) User=0.02s Sys=0.00s Real=0.00s
[2025-12-18T01:41:33.252+0800][gc,start    ] GC(4) Pause Young (Concurrent Start) (Metadata GC Threshold)
[2025-12-18T01:41:33.252+0800][gc,task     ] GC(4) Using 8 workers of 8 for evacuation
[2025-12-18T01:41:33.254+0800][gc,phases   ] GC(4)   Pre Evacuate Collection Set: 0.1ms
[2025-12-18T01:41:33.254+0800][gc,phases   ] GC(4)   Merge Heap Roots: 0.0ms
[2025-12-18T01:41:33.254+0800][gc,phases   ] GC(4)   Evacuate Collection Set: 1.7ms
[2025-12-18T01:41:33.254+0800][gc,phases   ] GC(4)   Post Evacuate Collection Set: 0.2ms
[2025-12-18T01:41:33.254+0800][gc,phases   ] GC(4)   Other: 0.1ms
[2025-12-18T01:41:33.254+0800][gc,heap     ] GC(4) Eden regions: 11->0(50)
[2025-12-18T01:41:33.254+0800][gc,heap     ] GC(4) Survivor regions: 6->1(7)
[2025-12-18T01:41:33.254+0800][gc,heap     ] GC(4) Old regions: 7->13
[2025-12-18T01:41:33.254+0800][gc,heap     ] GC(4) Archive regions: 2->2
[2025-12-18T01:41:33.254+0800][gc,heap     ] GC(4) Humongous regions: 129->129
[2025-12-18T01:41:33.254+0800][gc,metaspace] GC(4) Metaspace: 35697K(35968K)->35697K(35968K) NonClass: 31214K(31360K)->31214K(31360K) Class: 4482K(4608K)->4482K(4608K)
[2025-12-18T01:41:33.255+0800][gc          ] GC(4) Pause Young (Concurrent Start) (Metadata GC Threshold) 152M->143M(1024M) 2.236ms
[2025-12-18T01:41:33.255+0800][gc,cpu      ] GC(4) User=0.02s Sys=0.00s Real=0.00s
[2025-12-18T01:41:33.255+0800][gc          ] GC(5) Concurrent Mark Cycle
[2025-12-18T01:41:33.255+0800][gc,marking  ] GC(5) Concurrent Clear Claimed Marks
[2025-12-18T01:41:33.255+0800][gc,marking  ] GC(5) Concurrent Clear Claimed Marks 0.016ms
[2025-12-18T01:41:33.255+0800][gc,marking  ] GC(5) Concurrent Scan Root Regions
[2025-12-18T01:41:33.256+0800][gc,marking  ] GC(5) Concurrent Scan Root Regions 1.316ms
[2025-12-18T01:41:33.256+0800][gc,marking  ] GC(5) Concurrent Mark
[2025-12-18T01:41:33.256+0800][gc,marking  ] GC(5) Concurrent Mark From Roots
[2025-12-18T01:41:33.256+0800][gc,task     ] GC(5) Using 2 workers of 2 for marking
[2025-12-18T01:41:33.259+0800][gc,marking  ] GC(5) Concurrent Mark From Roots 2.744ms
[2025-12-18T01:41:33.259+0800][gc,marking  ] GC(5) Concurrent Preclean
[2025-12-18T01:41:33.259+0800][gc,marking  ] GC(5) Concurrent Preclean 0.031ms
[2025-12-18T01:41:33.259+0800][gc,start    ] GC(5) Pause Remark
[2025-12-18T01:41:33.260+0800][gc          ] GC(5) Pause Remark 143M->143M(1024M) 0.805ms
[2025-12-18T01:41:33.260+0800][gc,cpu      ] GC(5) User=0.00s Sys=0.00s Real=0.01s
[2025-12-18T01:41:33.260+0800][gc,marking  ] GC(5) Concurrent Mark 3.718ms
[2025-12-18T01:41:33.260+0800][gc,marking  ] GC(5) Concurrent Rebuild Remembered Sets
[2025-12-18T01:41:33.262+0800][gc,marking  ] GC(5) Concurrent Rebuild Remembered Sets 2.576ms
[2025-12-18T01:41:33.262+0800][gc,start    ] GC(5) Pause Cleanup
[2025-12-18T01:41:33.262+0800][gc          ] GC(5) Pause Cleanup 143M->143M(1024M) 0.115ms
[2025-12-18T01:41:33.262+0800][gc,cpu      ] GC(5) User=0.01s Sys=0.00s Real=0.00s
[2025-12-18T01:41:33.262+0800][gc,marking  ] GC(5) Concurrent Cleanup for Next Mark
[2025-12-18T01:41:33.264+0800][gc,marking  ] GC(5) Concurrent Cleanup for Next Mark 1.412ms
[2025-12-18T01:41:33.264+0800][gc          ] GC(5) Concurrent Mark Cycle 9.351ms
[2025-12-18T01:50:33.024+0800][gc,start    ] GC(6) Pause Young (Normal) (G1 Evacuation Pause)
[2025-12-18T01:50:33.024+0800][gc,task     ] GC(6) Using 8 workers of 8 for evacuation
[2025-12-18T01:50:33.057+0800][gc,mmu      ] GC(6) MMU target violated: 21.0ms (20.0ms/21.0ms)
[2025-12-18T01:50:33.057+0800][gc,phases   ] GC(6)   Pre Evacuate Collection Set: 3.7ms
[2025-12-18T01:50:33.057+0800][gc,phases   ] GC(6)   Merge Heap Roots: 0.2ms
[2025-12-18T01:50:33.057+0800][gc,phases   ] GC(6)   Evacuate Collection Set: 24.2ms
[2025-12-18T01:50:33.057+0800][gc,phases   ] GC(6)   Post Evacuate Collection Set: 0.8ms
[2025-12-18T01:50:33.057+0800][gc,phases   ] GC(6)   Other: 4.4ms
[2025-12-18T01:50:33.057+0800][gc,heap     ] GC(6) Eden regions: 50->0(47)
[2025-12-18T01:50:33.057+0800][gc,heap     ] GC(6) Survivor regions: 1->4(7)
[2025-12-18T01:50:33.057+0800][gc,heap     ] GC(6) Old regions: 13->13
[2025-12-18T01:50:33.057+0800][gc,heap     ] GC(6) Archive regions: 2->2
[2025-12-18T01:50:33.057+0800][gc,heap     ] GC(6) Humongous regions: 129->129
[2025-12-18T01:50:33.057+0800][gc,metaspace] GC(6) Metaspace: 41014K(41664K)->41014K(41664K) NonClass: 35671K(36032K)->35671K(36032K) Class: 5342K(5632K)->5342K(5632K)
[2025-12-18T01:50:33.057+0800][gc          ] GC(6) Pause Young (Normal) (G1 Evacuation Pause) 193M->146M(1024M) 33.329ms
[2025-12-18T01:50:33.057+0800][gc,cpu      ] GC(6) User=0.01s Sys=0.03s Real=0.03s
[2025-12-18T23:37:32.308+0800][gc,start    ] GC(7) Pause Young (Normal) (G1 Evacuation Pause)
[2025-12-18T23:37:32.310+0800][gc,task     ] GC(7) Using 8 workers of 8 for evacuation
[2025-12-18T23:37:32.361+0800][gc,mmu      ] GC(7) MMU target violated: 21.0ms (20.0ms/21.0ms)
[2025-12-18T23:37:32.362+0800][gc,phases   ] GC(7)   Pre Evacuate Collection Set: 1.5ms
[2025-12-18T23:37:32.362+0800][gc,phases   ] GC(7)   Merge Heap Roots: 0.6ms
[2025-12-18T23:37:32.362+0800][gc,phases   ] GC(7)   Evacuate Collection Set: 47.6ms
[2025-12-18T23:37:32.362+0800][gc,phases   ] GC(7)   Post Evacuate Collection Set: 1.1ms
[2025-12-18T23:37:32.362+0800][gc,phases   ] GC(7)   Other: 3.9ms
[2025-12-18T23:37:32.362+0800][gc,heap     ] GC(7) Eden regions: 47->0(46)
[2025-12-18T23:37:32.362+0800][gc,heap     ] GC(7) Survivor regions: 4->5(7)
[2025-12-18T23:37:32.362+0800][gc,heap     ] GC(7) Old regions: 13->13
[2025-12-18T23:37:32.362+0800][gc,heap     ] GC(7) Archive regions: 2->2
[2025-12-18T23:37:32.362+0800][gc,heap     ] GC(7) Humongous regions: 129->129
[2025-12-18T23:37:32.362+0800][gc,metaspace] GC(7) Metaspace: 41782K(42432K)->41782K(42432K) NonClass: 36414K(36800K)->36414K(36800K) Class: 5368K(5632K)->5368K(5632K)
[2025-12-18T23:37:32.362+0800][gc          ] GC(7) Pause Young (Normal) (G1 Evacuation Pause) 193M->147M(1024M) 53.745ms
[2025-12-18T23:37:32.362+0800][gc,cpu      ] GC(7) User=0.03s Sys=0.08s Real=0.06s
[2025-12-18T23:52:29.633+0800][gc,start    ] GC(8) Pause Young (Normal) (G1 Evacuation Pause)
[2025-12-18T23:52:29.634+0800][gc,task     ] GC(8) Using 8 workers of 8 for evacuation
[2025-12-18T23:52:29.677+0800][gc,mmu      ] GC(8) MMU target violated: 21.0ms (20.0ms/21.0ms)
[2025-12-18T23:52:29.677+0800][gc,phases   ] GC(8)   Pre Evacuate Collection Set: 1.2ms
[2025-12-18T23:52:29.677+0800][gc,phases   ] GC(8)   Merge Heap Roots: 0.6ms
[2025-12-18T23:52:29.677+0800][gc,phases   ] GC(8)   Evacuate Collection Set: 39.1ms
[2025-12-18T23:52:29.677+0800][gc,phases   ] GC(8)   Post Evacuate Collection Set: 1.1ms
[2025-12-18T23:52:29.677+0800][gc,phases   ] GC(8)   Other: 3.4ms
[2025-12-18T23:52:29.677+0800][gc,heap     ] GC(8) Eden regions: 46->0(49)
[2025-12-18T23:52:29.677+0800][gc,heap     ] GC(8) Survivor regions: 5->2(7)
[2025-12-18T23:52:29.677+0800][gc,heap     ] GC(8) Old regions: 13->16
[2025-12-18T23:52:29.677+0800][gc,heap     ] GC(8) Archive regions: 2->2
[2025-12-18T23:52:29.677+0800][gc,heap     ] GC(8) Humongous regions: 129->129
[2025-12-18T23:52:29.677+0800][gc,metaspace] GC(8) Metaspace: 41851K(42432K)->41851K(42432K) NonClass: 36483K(36800K)->36483K(36800K) Class: 5368K(5632K)->5368K(5632K)
[2025-12-18T23:52:29.677+0800][gc          ] GC(8) Pause Young (Normal) (G1 Evacuation Pause) 193M->147M(1024M) 44.618ms
[2025-12-18T23:52:29.678+0800][gc,cpu      ] GC(8) User=0.03s Sys=0.08s Real=0.04s
[2025-12-19T00:10:44.668+0800][gc,start    ] GC(9) Pause Young (Normal) (G1 Evacuation Pause)
[2025-12-19T00:10:44.669+0800][gc,task     ] GC(9) Using 8 workers of 8 for evacuation
[2025-12-19T00:10:44.676+0800][gc,phases   ] GC(9)   Pre Evacuate Collection Set: 0.7ms
[2025-12-19T00:10:44.677+0800][gc,phases   ] GC(9)   Merge Heap Roots: 0.3ms
[2025-12-19T00:10:44.677+0800][gc,phases   ] GC(9)   Evacuate Collection Set: 5.5ms
[2025-12-19T00:10:44.677+0800][gc,phases   ] GC(9)   Post Evacuate Collection Set: 0.9ms
[2025-12-19T00:10:44.677+0800][gc,phases   ] GC(9)   Other: 2.3ms
[2025-12-19T00:10:44.677+0800][gc,heap     ] GC(9) Eden regions: 49->0(49)
[2025-12-19T00:10:44.677+0800][gc,heap     ] GC(9) Survivor regions: 2->2(7)
[2025-12-19T00:10:44.677+0800][gc,heap     ] GC(9) Old regions: 16->16
[2025-12-19T00:10:44.677+0800][gc,heap     ] GC(9) Archive regions: 2->2
[2025-12-19T00:10:44.677+0800][gc,heap     ] GC(9) Humongous regions: 129->129
[2025-12-19T00:10:44.677+0800][gc,metaspace] GC(9) Metaspace: 41926K(42496K)->41926K(42496K) NonClass: 36557K(36864K)->36557K(36864K) Class: 5369K(5632K)->5369K(5632K)
[2025-12-19T00:10:44.677+0800][gc          ] GC(9) Pause Young (Normal) (G1 Evacuation Pause) 196M->147M(1024M) 9.318ms
[2025-12-19T00:10:44.677+0800][gc,cpu      ] GC(9) User=0.01s Sys=0.03s Real=0.01s
[2025-12-19T00:48:29.716+0800][gc,start    ] GC(10) Pause Young (Normal) (G1 Evacuation Pause)
[2025-12-19T00:48:29.717+0800][gc,task     ] GC(10) Using 8 workers of 8 for evacuation
[2025-12-19T00:48:29.778+0800][gc,mmu      ] GC(10) MMU target violated: 21.0ms (20.0ms/21.0ms)
[2025-12-19T00:48:29.778+0800][gc,phases   ] GC(10)   Pre Evacuate Collection Set: 15.2ms
[2025-12-19T00:48:29.778+0800][gc,phases   ] GC(10)   Merge Heap Roots: 1.9ms
[2025-12-19T00:48:29.778+0800][gc,phases   ] GC(10)   Evacuate Collection Set: 37.9ms
[2025-12-19T00:48:29.778+0800][gc,phases   ] GC(10)   Post Evacuate Collection Set: 2.9ms
[2025-12-19T00:48:29.778+0800][gc,phases   ] GC(10)   Other: 7.0ms
[2025-12-19T00:48:29.778+0800][gc,heap     ] GC(10) Eden regions: 49->0(49)
[2025-12-19T00:48:29.778+0800][gc,heap     ] GC(10) Survivor regions: 2->2(7)
[2025-12-19T00:48:29.778+0800][gc,heap     ] GC(10) Old regions: 16->16
[2025-12-19T00:48:29.778+0800][gc,heap     ] GC(10) Archive regions: 2->2
[2025-12-19T00:48:29.778+0800][gc,heap     ] GC(10) Humongous regions: 129->129
[2025-12-19T00:48:29.779+0800][gc,metaspace] GC(10) Metaspace: 42023K(42560K)->42023K(42560K) NonClass: 36650K(36928K)->36650K(36928K) Class: 5373K(5632K)->5373K(5632K)
[2025-12-19T00:48:29.780+0800][gc          ] GC(10) Pause Young (Normal) (G1 Evacuation Pause) 196M->147M(1024M) 63.740ms
[2025-12-19T00:48:29.780+0800][gc,cpu      ] GC(10) User=0.01s Sys=0.03s Real=0.07s
[2025-12-19T01:31:45.783+0800][gc,start    ] GC(11) Pause Young (Normal) (G1 Evacuation Pause)
[2025-12-19T01:31:45.785+0800][gc,task     ] GC(11) Using 8 workers of 8 for evacuation
[2025-12-19T01:31:45.819+0800][gc,mmu      ] GC(11) MMU target violated: 21.0ms (20.0ms/21.0ms)
[2025-12-19T01:31:45.820+0800][gc,phases   ] GC(11)   Pre Evacuate Collection Set: 1.6ms
[2025-12-19T01:31:45.820+0800][gc,phases   ] GC(11)   Merge Heap Roots: 0.5ms
[2025-12-19T01:31:45.820+0800][gc,phases   ] GC(11)   Evacuate Collection Set: 30.4ms
[2025-12-19T01:31:45.820+0800][gc,phases   ] GC(11)   Post Evacuate Collection Set: 1.5ms
[2025-12-19T01:31:45.820+0800][gc,phases   ] GC(11)   Other: 5.4ms
[2025-12-19T01:31:45.820+0800][gc,heap     ] GC(11) Eden regions: 49->0(49)
[2025-12-19T01:31:45.820+0800][gc,heap     ] GC(11) Survivor regions: 2->2(7)
[2025-12-19T01:31:45.820+0800][gc,heap     ] GC(11) Old regions: 16->16
[2025-12-19T01:31:45.820+0800][gc,heap     ] GC(11) Archive regions: 2->2
[2025-12-19T01:31:45.820+0800][gc,heap     ] GC(11) Humongous regions: 129->129
[2025-12-19T01:31:45.820+0800][gc,metaspace] GC(11) Metaspace: 42056K(42688K)->42056K(42688K) NonClass: 36683K(37056K)->36683K(37056K) Class: 5373K(5632K)->5373K(5632K)
[2025-12-19T01:31:45.820+0800][gc          ] GC(11) Pause Young (Normal) (G1 Evacuation Pause) 196M->147M(1024M) 37.850ms
[2025-12-19T01:31:45.820+0800][gc,cpu      ] GC(11) User=0.02s Sys=0.02s Real=0.04s
[2025-12-19T01:59:12.770+0800][gc,heap,exit] Heap
[2025-12-19T01:59:12.770+0800][gc,heap,exit]  garbage-first heap   total 1048576K, used 197511K [0x00000007c0000000, 0x0000000800000000)
[2025-12-19T01:59:12.770+0800][gc,heap,exit]   region size 1024K, 48 young (49152K), 2 survivors (2048K)
[2025-12-19T01:59:12.770+0800][gc,heap,exit]  Metaspace       used 42751K, committed 43328K, reserved 1114112K
[2025-12-19T01:59:12.770+0800][gc,heap,exit]   class space    used 5537K, committed 5824K, reserved 1048576K
