[2025-12-26T15:46:48.006+0100][gc] Using G1
[2025-12-26T15:46:48.008+0100][gc,init] Version: 17.0.7+7-LTS (release)
[2025-12-26T15:46:48.008+0100][gc,init] CPUs: 8 total, 8 available
[2025-12-26T15:46:48.008+0100][gc,init] Memory: 16384M
[2025-12-26T15:46:48.008+0100][gc,init] Large Page Support: Disabled
[2025-12-26T15:46:48.008+0100][gc,init] NUMA Support: Disabled
[2025-12-26T15:46:48.008+0100][gc,init] Compressed Oops: Enabled (Zero based)
[2025-12-26T15:46:48.008+0100][gc,init] Heap Region Size: 1M
[2025-12-26T15:46:48.008+0100][gc,init] Heap Min Capacity: 1G
[2025-12-26T15:46:48.008+0100][gc,init] Heap Initial Capacity: 1G
[2025-12-26T15:46:48.008+0100][gc,init] Heap Max Capacity: 1G
[2025-12-26T15:46:48.008+0100][gc,init] Pre-touch: Disabled
[2025-12-26T15:46:48.008+0100][gc,init] Parallel Workers: 8
[2025-12-26T15:46:48.008+0100][gc,init] Concurrent Workers: 2
[2025-12-26T15:46:48.008+0100][gc,init] Concurrent Refinement Workers: 8
[2025-12-26T15:46:48.008+0100][gc,init] Periodic GC: Disabled
[2025-12-26T15:46:48.008+0100][gc,metaspace] CDS archive(s) mapped at: [0x0000000800000000-0x0000000800bd4000-0x0000000800bd4000), size 12402688, SharedBaseAddress: 0x0000000800000000, ArchiveRelocationMode: 0.
[2025-12-26T15:46:48.008+0100][gc,metaspace] Compressed class space mapped at: 0x0000000801000000-0x0000000841000000, reserved size: 1073741824
[2025-12-26T15:46:48.008+0100][gc,metaspace] Narrow klass base: 0x0000000800000000, Narrow klass shift: 0, Narrow klass range: 0x100000000
[2025-12-26T15:46:50.541+0100][gc,start    ] GC(0) Pause Young (Normal) (G1 Evacuation Pause)
[2025-12-26T15:46:50.541+0100][gc,task     ] GC(0) Using 8 workers of 8 for evacuation
[2025-12-26T15:46:50.554+0100][gc,phases   ] GC(0)   Pre Evacuate Collection Set: 0.2ms
[2025-12-26T15:46:50.554+0100][gc,phases   ] GC(0)   Merge Heap Roots: 0.0ms
[2025-12-26T15:46:50.554+0100][gc,phases   ] GC(0)   Evacuate Collection Set: 11.5ms
[2025-12-26T15:46:50.554+0100][gc,phases   ] GC(0)   Post Evacuate Collection Set: 0.5ms
[2025-12-26T15:46:50.554+0100][gc,phases   ] GC(0)   Other: 0.3ms
[2025-12-26T15:46:50.554+0100][gc,heap     ] GC(0) Eden regions: 51->0(44)
[2025-12-26T15:46:50.554+0100][gc,heap     ] GC(0) Survivor regions: 0->7(7)
[2025-12-26T15:46:50.554+0100][gc,heap     ] GC(0) Old regions: 0->1
[2025-12-26T15:46:50.554+0100][gc,heap     ] GC(0) Archive regions: 2->2
[2025-12-26T15:46:50.554+0100][gc,heap     ] GC(0) Humongous regions: 0->0
[2025-12-26T15:46:50.554+0100][gc,metaspace] GC(0) Metaspace: 19103K(19264K)->19103K(19264K) NonClass: 16555K(16640K)->16555K(16640K) Class: 2547K(2624K)->2547K(2624K)
[2025-12-26T15:46:50.554+0100][gc          ] GC(0) Pause Young (Normal) (G1 Evacuation Pause) 51M->8M(1024M) 12.726ms
[2025-12-26T15:46:50.554+0100][gc,cpu      ] GC(0) User=0.01s Sys=0.01s Real=0.01s
[2025-12-26T15:46:50.663+0100][gc,start    ] GC(1) Pause Young (Concurrent Start) (Metadata GC Threshold)
[2025-12-26T15:46:50.663+0100][gc,task     ] GC(1) Using 8 workers of 8 for evacuation
[2025-12-26T15:46:50.668+0100][gc,phases   ] GC(1)   Pre Evacuate Collection Set: 0.2ms
[2025-12-26T15:46:50.668+0100][gc,phases   ] GC(1)   Merge Heap Roots: 0.1ms
[2025-12-26T15:46:50.668+0100][gc,phases   ] GC(1)   Evacuate Collection Set: 4.1ms
[2025-12-26T15:46:50.668+0100][gc,phases   ] GC(1)   Post Evacuate Collection Set: 0.7ms
[2025-12-26T15:46:50.668+0100][gc,phases   ] GC(1)   Other: 0.2ms
[2025-12-26T15:46:50.668+0100][gc,heap     ] GC(1) Eden regions: 9->0(49)
[2025-12-26T15:46:50.668+0100][gc,heap     ] GC(1) Survivor regions: 7->2(7)
[2025-12-26T15:46:50.668+0100][gc,heap     ] GC(1) Old regions: 1->8
[2025-12-26T15:46:50.668+0100][gc,heap     ] GC(1) Archive regions: 2->2
[2025-12-26T15:46:50.668+0100][gc,heap     ] GC(1) Humongous regions: 0->0
[2025-12-26T15:46:50.668+0100][gc,metaspace] GC(1) Metaspace: 21298K(21504K)->21298K(21504K) NonClass: 18438K(18496K)->18438K(18496K) Class: 2859K(3008K)->2859K(3008K)
[2025-12-26T15:46:50.668+0100][gc          ] GC(1) Pause Young (Concurrent Start) (Metadata GC Threshold) 16M->9M(1024M) 5.304ms
[2025-12-26T15:46:50.668+0100][gc,cpu      ] GC(1) User=0.02s Sys=0.01s Real=0.00s
[2025-12-26T15:46:50.668+0100][gc          ] GC(2) Concurrent Mark Cycle
[2025-12-26T15:46:50.669+0100][gc,marking  ] GC(2) Concurrent Clear Claimed Marks
[2025-12-26T15:46:50.669+0100][gc,marking  ] GC(2) Concurrent Clear Claimed Marks 0.012ms
[2025-12-26T15:46:50.669+0100][gc,marking  ] GC(2) Concurrent Scan Root Regions
[2025-12-26T15:46:50.670+0100][gc,marking  ] GC(2) Concurrent Scan Root Regions 1.794ms
[2025-12-26T15:46:50.670+0100][gc,marking  ] GC(2) Concurrent Mark
[2025-12-26T15:46:50.670+0100][gc,marking  ] GC(2) Concurrent Mark From Roots
[2025-12-26T15:46:50.670+0100][gc,task     ] GC(2) Using 2 workers of 2 for marking
[2025-12-26T15:46:50.671+0100][gc,marking  ] GC(2) Concurrent Mark From Roots 0.985ms
[2025-12-26T15:46:50.671+0100][gc,marking  ] GC(2) Concurrent Preclean
[2025-12-26T15:46:50.671+0100][gc,marking  ] GC(2) Concurrent Preclean 0.017ms
[2025-12-26T15:46:50.671+0100][gc,start    ] GC(2) Pause Remark
[2025-12-26T15:46:50.673+0100][gc          ] GC(2) Pause Remark 9M->9M(1024M) 1.249ms
[2025-12-26T15:46:50.673+0100][gc,cpu      ] GC(2) User=0.00s Sys=0.00s Real=0.00s
[2025-12-26T15:46:50.682+0100][gc,marking  ] GC(2) Concurrent Mark 11.943ms
[2025-12-26T15:46:50.682+0100][gc,marking  ] GC(2) Concurrent Rebuild Remembered Sets
[2025-12-26T15:46:50.684+0100][gc,marking  ] GC(2) Concurrent Rebuild Remembered Sets 1.813ms
[2025-12-26T15:46:50.684+0100][gc,start    ] GC(2) Pause Cleanup
[2025-12-26T15:46:50.684+0100][gc          ] GC(2) Pause Cleanup 10M->10M(1024M) 0.114ms
[2025-12-26T15:46:50.684+0100][gc,cpu      ] GC(2) User=0.00s Sys=0.00s Real=0.00s
[2025-12-26T15:46:50.684+0100][gc,marking  ] GC(2) Concurrent Cleanup for Next Mark
[2025-12-26T15:46:50.686+0100][gc,marking  ] GC(2) Concurrent Cleanup for Next Mark 1.695ms
[2025-12-26T15:46:50.686+0100][gc          ] GC(2) Concurrent Mark Cycle 17.737ms
[2025-12-26T15:46:51.160+0100][gc,start    ] GC(3) Pause Young (Normal) (G1 Evacuation Pause)
[2025-12-26T15:46:51.173+0100][gc,task     ] GC(3) Using 8 workers of 8 for evacuation
[2025-12-26T15:46:51.175+0100][gc,phases   ] GC(3)   Pre Evacuate Collection Set: 0.2ms
[2025-12-26T15:46:51.175+0100][gc,phases   ] GC(3)   Merge Heap Roots: 0.1ms
[2025-12-26T15:46:51.175+0100][gc,phases   ] GC(3)   Evacuate Collection Set: 1.8ms
[2025-12-26T15:46:51.175+0100][gc,phases   ] GC(3)   Post Evacuate Collection Set: 0.3ms
[2025-12-26T15:46:51.175+0100][gc,phases   ] GC(3)   Other: 13.3ms
[2025-12-26T15:46:51.175+0100][gc,heap     ] GC(3) Eden regions: 49->0(45)
[2025-12-26T15:46:51.175+0100][gc,heap     ] GC(3) Survivor regions: 2->6(7)
[2025-12-26T15:46:51.175+0100][gc,heap     ] GC(3) Old regions: 8->8
[2025-12-26T15:46:51.175+0100][gc,heap     ] GC(3) Archive regions: 2->2
[2025-12-26T15:46:51.175+0100][gc,heap     ] GC(3) Humongous regions: 129->129
[2025-12-26T15:46:51.175+0100][gc,metaspace] GC(3) Metaspace: 31755K(32064K)->31755K(32064K) NonClass: 27865K(28032K)->27865K(28032K) Class: 3890K(4032K)->3890K(4032K)
[2025-12-26T15:46:51.175+0100][gc          ] GC(3) Pause Young (Normal) (G1 Evacuation Pause) 187M->142M(1024M) 15.750ms
[2025-12-26T15:46:51.175+0100][gc,cpu      ] GC(3) User=0.02s Sys=0.00s Real=0.01s
[2025-12-26T15:46:51.599+0100][gc,start    ] GC(4) Pause Young (Concurrent Start) (Metadata GC Threshold)
[2025-12-26T15:46:51.599+0100][gc,task     ] GC(4) Using 8 workers of 8 for evacuation
[2025-12-26T15:46:51.616+0100][gc,phases   ] GC(4)   Pre Evacuate Collection Set: 0.2ms
[2025-12-26T15:46:51.616+0100][gc,phases   ] GC(4)   Merge Heap Roots: 0.0ms
[2025-12-26T15:46:51.616+0100][gc,phases   ] GC(4)   Evacuate Collection Set: 13.6ms
[2025-12-26T15:46:51.616+0100][gc,phases   ] GC(4)   Post Evacuate Collection Set: 2.9ms
[2025-12-26T15:46:51.616+0100][gc,phases   ] GC(4)   Other: 0.2ms
[2025-12-26T15:46:51.616+0100][gc,heap     ] GC(4) Eden regions: 18->0(49)
[2025-12-26T15:46:51.616+0100][gc,heap     ] GC(4) Survivor regions: 6->2(7)
[2025-12-26T15:46:51.616+0100][gc,heap     ] GC(4) Old regions: 8->13
[2025-12-26T15:46:51.616+0100][gc,heap     ] GC(4) Archive regions: 2->2
[2025-12-26T15:46:51.616+0100][gc,heap     ] GC(4) Humongous regions: 129->129
[2025-12-26T15:46:51.616+0100][gc,metaspace] GC(4) Metaspace: 35840K(36160K)->35840K(36160K) NonClass: 31387K(31552K)->31387K(31552K) Class: 4453K(4608K)->4453K(4608K)
[2025-12-26T15:46:51.616+0100][gc          ] GC(4) Pause Young (Concurrent Start) (Metadata GC Threshold) 159M->143M(1024M) 16.898ms
[2025-12-26T15:46:51.616+0100][gc,cpu      ] GC(4) User=0.01s Sys=0.00s Real=0.02s
[2025-12-26T15:46:51.617+0100][gc          ] GC(5) Concurrent Mark Cycle
[2025-12-26T15:46:51.617+0100][gc,marking  ] GC(5) Concurrent Clear Claimed Marks
[2025-12-26T15:46:51.617+0100][gc,marking  ] GC(5) Concurrent Clear Claimed Marks 0.023ms
[2025-12-26T15:46:51.617+0100][gc,marking  ] GC(5) Concurrent Scan Root Regions
[2025-12-26T15:46:51.620+0100][gc,marking  ] GC(5) Concurrent Scan Root Regions 3.052ms
[2025-12-26T15:46:51.620+0100][gc,marking  ] GC(5) Concurrent Mark
[2025-12-26T15:46:51.620+0100][gc,marking  ] GC(5) Concurrent Mark From Roots
[2025-12-26T15:46:51.620+0100][gc,task     ] GC(5) Using 2 workers of 2 for marking
[2025-12-26T15:46:51.626+0100][gc,marking  ] GC(5) Concurrent Mark From Roots 6.355ms
[2025-12-26T15:46:51.641+0100][gc,marking  ] GC(5) Concurrent Preclean
[2025-12-26T15:46:51.641+0100][gc,marking  ] GC(5) Concurrent Preclean 0.143ms
[2025-12-26T15:46:51.641+0100][gc,start    ] GC(5) Pause Remark
[2025-12-26T15:46:51.643+0100][gc          ] GC(5) Pause Remark 144M->144M(1024M) 2.199ms
[2025-12-26T15:46:51.643+0100][gc,cpu      ] GC(5) User=0.00s Sys=0.00s Real=0.00s
[2025-12-26T15:46:51.649+0100][gc,marking  ] GC(5) Concurrent Mark 28.774ms
[2025-12-26T15:46:51.649+0100][gc,marking  ] GC(5) Concurrent Rebuild Remembered Sets
[2025-12-26T15:46:51.654+0100][gc,marking  ] GC(5) Concurrent Rebuild Remembered Sets 4.950ms
[2025-12-26T15:46:51.669+0100][gc,start    ] GC(5) Pause Cleanup
[2025-12-26T15:46:51.670+0100][gc          ] GC(5) Pause Cleanup 144M->144M(1024M) 0.233ms
[2025-12-26T15:46:51.670+0100][gc,cpu      ] GC(5) User=0.00s Sys=0.00s Real=0.01s
[2025-12-26T15:46:51.670+0100][gc,marking  ] GC(5) Concurrent Cleanup for Next Mark
[2025-12-26T15:46:51.672+0100][gc,marking  ] GC(5) Concurrent Cleanup for Next Mark 2.380ms
[2025-12-26T15:46:51.672+0100][gc          ] GC(5) Concurrent Mark Cycle 55.531ms
[2025-12-26T15:52:38.190+0100][gc,start    ] GC(6) Pause Young (Normal) (G1 Evacuation Pause)
[2025-12-26T15:52:38.191+0100][gc,task     ] GC(6) Using 8 workers of 8 for evacuation
[2025-12-26T15:52:38.234+0100][gc,mmu      ] GC(6) MMU target violated: 21.0ms (20.0ms/21.0ms)
[2025-12-26T15:52:38.234+0100][gc,phases   ] GC(6)   Pre Evacuate Collection Set: 1.5ms
[2025-12-26T15:52:38.234+0100][gc,phases   ] GC(6)   Merge Heap Roots: 0.3ms
[2025-12-26T15:52:38.234+0100][gc,phases   ] GC(6)   Evacuate Collection Set: 40.5ms
[2025-12-26T15:52:38.234+0100][gc,phases   ] GC(6)   Post Evacuate Collection Set: 0.6ms
[2025-12-26T15:52:38.234+0100][gc,phases   ] GC(6)   Other: 1.3ms
[2025-12-26T15:52:38.234+0100][gc,heap     ] GC(6) Eden regions: 49->0(46)
[2025-12-26T15:52:38.234+0100][gc,heap     ] GC(6) Survivor regions: 2->5(7)
[2025-12-26T15:52:38.234+0100][gc,heap     ] GC(6) Old regions: 13->13
[2025-12-26T15:52:38.234+0100][gc,heap     ] GC(6) Archive regions: 2->2
[2025-12-26T15:52:38.234+0100][gc,heap     ] GC(6) Humongous regions: 129->129
[2025-12-26T15:52:38.234+0100][gc,metaspace] GC(6) Metaspace: 40889K(41472K)->40889K(41472K) NonClass: 35646K(35968K)->35646K(35968K) Class: 5242K(5504K)->5242K(5504K)
[2025-12-26T15:52:38.234+0100][gc          ] GC(6) Pause Young (Normal) (G1 Evacuation Pause) 192M->147M(1024M) 44.313ms
[2025-12-26T15:52:38.234+0100][gc,cpu      ] GC(6) User=0.03s Sys=0.06s Real=0.04s
