[2025-12-19T15:59:52.998+0800][gc] Using G1
[2025-12-19T15:59:52.999+0800][gc,init] Version: 17.0.7+7-LTS (release)
[2025-12-19T15:59:52.999+0800][gc,init] CPUs: 8 total, 8 available
[2025-12-19T15:59:52.999+0800][gc,init] Memory: 16384M
[2025-12-19T15:59:52.999+0800][gc,init] Large Page Support: Disabled
[2025-12-19T15:59:52.999+0800][gc,init] NUMA Support: Disabled
[2025-12-19T15:59:52.999+0800][gc,init] Compressed Oops: Enabled (Zero based)
[2025-12-19T15:59:52.999+0800][gc,init] Heap Region Size: 1M
[2025-12-19T15:59:52.999+0800][gc,init] Heap Min Capacity: 1G
[2025-12-19T15:59:52.999+0800][gc,init] Heap Initial Capacity: 1G
[2025-12-19T15:59:52.999+0800][gc,init] Heap Max Capacity: 1G
[2025-12-19T15:59:52.999+0800][gc,init] Pre-touch: Disabled
[2025-12-19T15:59:52.999+0800][gc,init] Parallel Workers: 8
[2025-12-19T15:59:52.999+0800][gc,init] Concurrent Workers: 2
[2025-12-19T15:59:52.999+0800][gc,init] Concurrent Refinement Workers: 8
[2025-12-19T15:59:52.999+0800][gc,init] Periodic GC: Disabled
[2025-12-19T15:59:52.999+0800][gc,metaspace] CDS archive(s) mapped at: [0x0000000800000000-0x0000000800bd4000-0x0000000800bd4000), size 12402688, SharedBaseAddress: 0x0000000800000000, ArchiveRelocationMode: 0.
[2025-12-19T15:59:52.999+0800][gc,metaspace] Compressed class space mapped at: 0x0000000801000000-0x0000000841000000, reserved size: 1073741824
[2025-12-19T15:59:52.999+0800][gc,metaspace] Narrow klass base: 0x0000000800000000, Narrow klass shift: 0, Narrow klass range: 0x100000000
[2025-12-19T15:59:54.343+0800][gc,start    ] GC(0) Pause Young (Normal) (G1 Evacuation Pause)
[2025-12-19T15:59:54.343+0800][gc,task     ] GC(0) Using 8 workers of 8 for evacuation
[2025-12-19T15:59:54.348+0800][gc,phases   ] GC(0)   Pre Evacuate Collection Set: 0.2ms
[2025-12-19T15:59:54.348+0800][gc,phases   ] GC(0)   Merge Heap Roots: 0.1ms
[2025-12-19T15:59:54.348+0800][gc,phases   ] GC(0)   Evacuate Collection Set: 3.8ms
[2025-12-19T15:59:54.348+0800][gc,phases   ] GC(0)   Post Evacuate Collection Set: 0.3ms
[2025-12-19T15:59:54.348+0800][gc,phases   ] GC(0)   Other: 0.2ms
[2025-12-19T15:59:54.348+0800][gc,heap     ] GC(0) Eden regions: 51->0(44)
[2025-12-19T15:59:54.348+0800][gc,heap     ] GC(0) Survivor regions: 0->7(7)
[2025-12-19T15:59:54.348+0800][gc,heap     ] GC(0) Old regions: 0->1
[2025-12-19T15:59:54.348+0800][gc,heap     ] GC(0) Archive regions: 2->2
[2025-12-19T15:59:54.348+0800][gc,heap     ] GC(0) Humongous regions: 0->0
[2025-12-19T15:59:54.348+0800][gc,metaspace] GC(0) Metaspace: 19187K(19392K)->19187K(19392K) NonClass: 16626K(16768K)->16626K(16768K) Class: 2560K(2624K)->2560K(2624K)
[2025-12-19T15:59:54.348+0800][gc          ] GC(0) Pause Young (Normal) (G1 Evacuation Pause) 51M->8M(1024M) 4.632ms
[2025-12-19T15:59:54.348+0800][gc,cpu      ] GC(0) User=0.01s Sys=0.01s Real=0.00s
[2025-12-19T15:59:54.483+0800][gc,start    ] GC(1) Pause Young (Concurrent Start) (Metadata GC Threshold)
[2025-12-19T15:59:54.483+0800][gc,task     ] GC(1) Using 8 workers of 8 for evacuation
[2025-12-19T15:59:54.497+0800][gc,phases   ] GC(1)   Pre Evacuate Collection Set: 0.1ms
[2025-12-19T15:59:54.497+0800][gc,phases   ] GC(1)   Merge Heap Roots: 0.0ms
[2025-12-19T15:59:54.497+0800][gc,phases   ] GC(1)   Evacuate Collection Set: 13.4ms
[2025-12-19T15:59:54.497+0800][gc,phases   ] GC(1)   Post Evacuate Collection Set: 0.3ms
[2025-12-19T15:59:54.497+0800][gc,phases   ] GC(1)   Other: 0.1ms
[2025-12-19T15:59:54.497+0800][gc,heap     ] GC(1) Eden regions: 9->0(50)
[2025-12-19T15:59:54.497+0800][gc,heap     ] GC(1) Survivor regions: 7->1(7)
[2025-12-19T15:59:54.497+0800][gc,heap     ] GC(1) Old regions: 1->8
[2025-12-19T15:59:54.497+0800][gc,heap     ] GC(1) Archive regions: 2->2
[2025-12-19T15:59:54.497+0800][gc,heap     ] GC(1) Humongous regions: 0->0
[2025-12-19T15:59:54.497+0800][gc,metaspace] GC(1) Metaspace: 21235K(21504K)->21235K(21504K) NonClass: 18385K(18560K)->18385K(18560K) Class: 2850K(2944K)->2850K(2944K)
[2025-12-19T15:59:54.497+0800][gc          ] GC(1) Pause Young (Concurrent Start) (Metadata GC Threshold) 16M->9M(1024M) 14.085ms
[2025-12-19T15:59:54.497+0800][gc,cpu      ] GC(1) User=0.02s Sys=0.01s Real=0.01s
[2025-12-19T15:59:54.497+0800][gc          ] GC(2) Concurrent Mark Cycle
[2025-12-19T15:59:54.497+0800][gc,marking  ] GC(2) Concurrent Clear Claimed Marks
[2025-12-19T15:59:54.497+0800][gc,marking  ] GC(2) Concurrent Clear Claimed Marks 0.013ms
[2025-12-19T15:59:54.497+0800][gc,marking  ] GC(2) Concurrent Scan Root Regions
[2025-12-19T15:59:54.498+0800][gc,marking  ] GC(2) Concurrent Scan Root Regions 1.344ms
[2025-12-19T15:59:54.498+0800][gc,marking  ] GC(2) Concurrent Mark
[2025-12-19T15:59:54.498+0800][gc,marking  ] GC(2) Concurrent Mark From Roots
[2025-12-19T15:59:54.498+0800][gc,task     ] GC(2) Using 2 workers of 2 for marking
[2025-12-19T15:59:54.499+0800][gc,marking  ] GC(2) Concurrent Mark From Roots 0.608ms
[2025-12-19T15:59:54.499+0800][gc,marking  ] GC(2) Concurrent Preclean
[2025-12-19T15:59:54.499+0800][gc,marking  ] GC(2) Concurrent Preclean 0.014ms
[2025-12-19T15:59:54.499+0800][gc,start    ] GC(2) Pause Remark
[2025-12-19T15:59:54.500+0800][gc          ] GC(2) Pause Remark 9M->9M(1024M) 1.174ms
[2025-12-19T15:59:54.500+0800][gc,cpu      ] GC(2) User=0.00s Sys=0.00s Real=0.01s
[2025-12-19T15:59:54.500+0800][gc,marking  ] GC(2) Concurrent Mark 1.915ms
[2025-12-19T15:59:54.500+0800][gc,marking  ] GC(2) Concurrent Rebuild Remembered Sets
[2025-12-19T15:59:54.506+0800][gc,marking  ] GC(2) Concurrent Rebuild Remembered Sets 5.200ms
[2025-12-19T15:59:54.506+0800][gc,start    ] GC(2) Pause Cleanup
[2025-12-19T15:59:54.506+0800][gc          ] GC(2) Pause Cleanup 9M->9M(1024M) 0.185ms
[2025-12-19T15:59:54.506+0800][gc,cpu      ] GC(2) User=0.00s Sys=0.00s Real=0.00s
[2025-12-19T15:59:54.516+0800][gc,marking  ] GC(2) Concurrent Cleanup for Next Mark
[2025-12-19T15:59:54.518+0800][gc,marking  ] GC(2) Concurrent Cleanup for Next Mark 2.165ms
[2025-12-19T15:59:54.519+0800][gc          ] GC(2) Concurrent Mark Cycle 21.540ms
[2025-12-19T15:59:56.379+0800][gc,start    ] GC(3) Pause Young (Normal) (G1 Evacuation Pause)
[2025-12-19T15:59:56.379+0800][gc,task     ] GC(3) Using 8 workers of 8 for evacuation
[2025-12-19T15:59:56.385+0800][gc,phases   ] GC(3)   Pre Evacuate Collection Set: 0.1ms
[2025-12-19T15:59:56.385+0800][gc,phases   ] GC(3)   Merge Heap Roots: 0.1ms
[2025-12-19T15:59:56.385+0800][gc,phases   ] GC(3)   Evacuate Collection Set: 4.7ms
[2025-12-19T15:59:56.385+0800][gc,phases   ] GC(3)   Post Evacuate Collection Set: 0.7ms
[2025-12-19T15:59:56.385+0800][gc,phases   ] GC(3)   Other: 0.1ms
[2025-12-19T15:59:56.385+0800][gc,heap     ] GC(3) Eden regions: 50->0(46)
[2025-12-19T15:59:56.385+0800][gc,heap     ] GC(3) Survivor regions: 1->5(7)
[2025-12-19T15:59:56.385+0800][gc,heap     ] GC(3) Old regions: 8->8
[2025-12-19T15:59:56.385+0800][gc,heap     ] GC(3) Archive regions: 2->2
[2025-12-19T15:59:56.385+0800][gc,heap     ] GC(3) Humongous regions: 129->129
[2025-12-19T15:59:56.385+0800][gc,metaspace] GC(3) Metaspace: 31026K(31296K)->31026K(31296K) NonClass: 27097K(27264K)->27097K(27264K) Class: 3929K(4032K)->3929K(4032K)
[2025-12-19T15:59:56.385+0800][gc          ] GC(3) Pause Young (Normal) (G1 Evacuation Pause) 188M->141M(1024M) 5.664ms
[2025-12-19T15:59:56.385+0800][gc,cpu      ] GC(3) User=0.02s Sys=0.00s Real=0.01s
[2025-12-19T15:59:56.995+0800][gc,start    ] GC(4) Pause Young (Concurrent Start) (Metadata GC Threshold)
[2025-12-19T15:59:56.995+0800][gc,task     ] GC(4) Using 8 workers of 8 for evacuation
[2025-12-19T15:59:57.014+0800][gc,phases   ] GC(4)   Pre Evacuate Collection Set: 1.6ms
[2025-12-19T15:59:57.014+0800][gc,phases   ] GC(4)   Merge Heap Roots: 1.0ms
[2025-12-19T15:59:57.014+0800][gc,phases   ] GC(4)   Evacuate Collection Set: 13.2ms
[2025-12-19T15:59:57.014+0800][gc,phases   ] GC(4)   Post Evacuate Collection Set: 1.3ms
[2025-12-19T15:59:57.014+0800][gc,phases   ] GC(4)   Other: 1.9ms
[2025-12-19T15:59:57.014+0800][gc,heap     ] GC(4) Eden regions: 21->0(49)
[2025-12-19T15:59:57.014+0800][gc,heap     ] GC(4) Survivor regions: 5->2(7)
[2025-12-19T15:59:57.014+0800][gc,heap     ] GC(4) Old regions: 8->12
[2025-12-19T15:59:57.014+0800][gc,heap     ] GC(4) Archive regions: 2->2
[2025-12-19T15:59:57.014+0800][gc,heap     ] GC(4) Humongous regions: 129->129
[2025-12-19T15:59:57.014+0800][gc,metaspace] GC(4) Metaspace: 35823K(36096K)->35823K(36096K) NonClass: 31365K(31488K)->31365K(31488K) Class: 4458K(4608K)->4458K(4608K)
[2025-12-19T15:59:57.014+0800][gc          ] GC(4) Pause Young (Concurrent Start) (Metadata GC Threshold) 162M->143M(1024M) 19.166ms
[2025-12-19T15:59:57.014+0800][gc,cpu      ] GC(4) User=0.02s Sys=0.00s Real=0.02s
[2025-12-19T15:59:57.014+0800][gc          ] GC(5) Concurrent Mark Cycle
[2025-12-19T15:59:57.014+0800][gc,marking  ] GC(5) Concurrent Clear Claimed Marks
[2025-12-19T15:59:57.014+0800][gc,marking  ] GC(5) Concurrent Clear Claimed Marks 0.030ms
[2025-12-19T15:59:57.014+0800][gc,marking  ] GC(5) Concurrent Scan Root Regions
[2025-12-19T15:59:57.020+0800][gc,marking  ] GC(5) Concurrent Scan Root Regions 6.185ms
[2025-12-19T15:59:57.020+0800][gc,marking  ] GC(5) Concurrent Mark
[2025-12-19T15:59:57.020+0800][gc,marking  ] GC(5) Concurrent Mark From Roots
[2025-12-19T15:59:57.021+0800][gc,task     ] GC(5) Using 2 workers of 2 for marking
[2025-12-19T15:59:57.058+0800][gc,marking  ] GC(5) Concurrent Mark From Roots 37.156ms
[2025-12-19T15:59:57.058+0800][gc,marking  ] GC(5) Concurrent Preclean
[2025-12-19T15:59:57.058+0800][gc,marking  ] GC(5) Concurrent Preclean 0.068ms
[2025-12-19T15:59:57.059+0800][gc,start    ] GC(5) Pause Remark
[2025-12-19T15:59:57.070+0800][gc          ] GC(5) Pause Remark 144M->144M(1024M) 11.423ms
[2025-12-19T15:59:57.070+0800][gc,cpu      ] GC(5) User=0.00s Sys=0.00s Real=0.02s
[2025-12-19T15:59:57.080+0800][gc,marking  ] GC(5) Concurrent Mark 59.832ms
[2025-12-19T15:59:57.080+0800][gc,marking  ] GC(5) Concurrent Rebuild Remembered Sets
[2025-12-19T15:59:57.099+0800][gc,marking  ] GC(5) Concurrent Rebuild Remembered Sets 19.187ms
[2025-12-19T15:59:57.100+0800][gc,start    ] GC(5) Pause Cleanup
[2025-12-19T15:59:57.100+0800][gc          ] GC(5) Pause Cleanup 147M->147M(1024M) 0.159ms
[2025-12-19T15:59:57.100+0800][gc,cpu      ] GC(5) User=0.00s Sys=0.00s Real=0.00s
[2025-12-19T15:59:57.110+0800][gc,marking  ] GC(5) Concurrent Cleanup for Next Mark
[2025-12-19T15:59:57.128+0800][gc,marking  ] GC(5) Concurrent Cleanup for Next Mark 18.053ms
[2025-12-19T15:59:57.128+0800][gc          ] GC(5) Concurrent Mark Cycle 114.323ms
[2025-12-19T16:03:14.229+0800][gc,start    ] GC(6) Pause Young (Normal) (G1 Evacuation Pause)
[2025-12-19T16:03:14.230+0800][gc,task     ] GC(6) Using 8 workers of 8 for evacuation
[2025-12-19T16:03:14.282+0800][gc,mmu      ] GC(6) MMU target violated: 21.0ms (20.0ms/21.0ms)
[2025-12-19T16:03:14.282+0800][gc,phases   ] GC(6)   Pre Evacuate Collection Set: 17.8ms
[2025-12-19T16:03:14.282+0800][gc,phases   ] GC(6)   Merge Heap Roots: 1.6ms
[2025-12-19T16:03:14.282+0800][gc,phases   ] GC(6)   Evacuate Collection Set: 30.9ms
[2025-12-19T16:03:14.282+0800][gc,phases   ] GC(6)   Post Evacuate Collection Set: 0.6ms
[2025-12-19T16:03:14.282+0800][gc,phases   ] GC(6)   Other: 2.2ms
[2025-12-19T16:03:14.282+0800][gc,heap     ] GC(6) Eden regions: 49->0(45)
[2025-12-19T16:03:14.282+0800][gc,heap     ] GC(6) Survivor regions: 2->6(7)
[2025-12-19T16:03:14.282+0800][gc,heap     ] GC(6) Old regions: 12->12
[2025-12-19T16:03:14.282+0800][gc,heap     ] GC(6) Archive regions: 2->2
[2025-12-19T16:03:14.282+0800][gc,heap     ] GC(6) Humongous regions: 153->129
[2025-12-19T16:03:14.282+0800][gc,metaspace] GC(6) Metaspace: 41633K(42304K)->41633K(42304K) NonClass: 36256K(36608K)->36256K(36608K) Class: 5376K(5696K)->5376K(5696K)
[2025-12-19T16:03:14.282+0800][gc          ] GC(6) Pause Young (Normal) (G1 Evacuation Pause) 216M->147M(1024M) 52.997ms
[2025-12-19T16:03:14.282+0800][gc,cpu      ] GC(6) User=0.02s Sys=0.08s Real=0.06s
[2025-12-19T16:11:38.962+0800][gc,start    ] GC(7) Pause Young (Normal) (G1 Evacuation Pause)
[2025-12-19T16:11:38.963+0800][gc,task     ] GC(7) Using 8 workers of 8 for evacuation
[2025-12-19T16:11:39.007+0800][gc,mmu      ] GC(7) MMU target violated: 21.0ms (20.0ms/21.0ms)
[2025-12-19T16:11:39.008+0800][gc,phases   ] GC(7)   Pre Evacuate Collection Set: 1.8ms
[2025-12-19T16:11:39.008+0800][gc,phases   ] GC(7)   Merge Heap Roots: 1.5ms
[2025-12-19T16:11:39.008+0800][gc,phases   ] GC(7)   Evacuate Collection Set: 38.8ms
[2025-12-19T16:11:39.008+0800][gc,phases   ] GC(7)   Post Evacuate Collection Set: 2.1ms
[2025-12-19T16:11:39.008+0800][gc,phases   ] GC(7)   Other: 2.1ms
[2025-12-19T16:11:39.008+0800][gc,heap     ] GC(7) Eden regions: 45->0(47)
[2025-12-19T16:11:39.008+0800][gc,heap     ] GC(7) Survivor regions: 6->4(7)
[2025-12-19T16:11:39.008+0800][gc,heap     ] GC(7) Old regions: 12->16
[2025-12-19T16:11:39.008+0800][gc,heap     ] GC(7) Archive regions: 2->2
[2025-12-19T16:11:39.008+0800][gc,heap     ] GC(7) Humongous regions: 129->129
[2025-12-19T16:11:39.008+0800][gc,metaspace] GC(7) Metaspace: 41877K(42560K)->41877K(42560K) NonClass: 36476K(36864K)->36476K(36864K) Class: 5400K(5696K)->5400K(5696K)
[2025-12-19T16:11:39.008+0800][gc          ] GC(7) Pause Young (Normal) (G1 Evacuation Pause) 192M->148M(1024M) 46.091ms
[2025-12-19T16:11:39.008+0800][gc,cpu      ] GC(7) User=0.03s Sys=0.03s Real=0.04s
[2025-12-19T16:21:25.924+0800][gc,start    ] GC(8) Pause Young (Normal) (G1 Evacuation Pause)
[2025-12-19T16:21:25.924+0800][gc,task     ] GC(8) Using 8 workers of 8 for evacuation
[2025-12-19T16:21:25.956+0800][gc,mmu      ] GC(8) MMU target violated: 21.0ms (20.0ms/21.0ms)
[2025-12-19T16:21:25.956+0800][gc,phases   ] GC(8)   Pre Evacuate Collection Set: 5.5ms
[2025-12-19T16:21:25.956+0800][gc,phases   ] GC(8)   Merge Heap Roots: 0.8ms
[2025-12-19T16:21:25.956+0800][gc,phases   ] GC(8)   Evacuate Collection Set: 25.0ms
[2025-12-19T16:21:25.956+0800][gc,phases   ] GC(8)   Post Evacuate Collection Set: 0.4ms
[2025-12-19T16:21:25.956+0800][gc,phases   ] GC(8)   Other: 1.2ms
[2025-12-19T16:21:25.956+0800][gc,heap     ] GC(8) Eden regions: 47->0(46)
[2025-12-19T16:21:25.956+0800][gc,heap     ] GC(8) Survivor regions: 4->5(7)
[2025-12-19T16:21:25.957+0800][gc,heap     ] GC(8) Old regions: 16->16
[2025-12-19T16:21:25.957+0800][gc,heap     ] GC(8) Archive regions: 2->2
[2025-12-19T16:21:25.957+0800][gc,heap     ] GC(8) Humongous regions: 129->129
[2025-12-19T16:21:25.957+0800][gc,metaspace] GC(8) Metaspace: 41945K(42560K)->41945K(42560K) NonClass: 36544K(36864K)->36544K(36864K) Class: 5400K(5696K)->5400K(5696K)
[2025-12-19T16:21:25.957+0800][gc          ] GC(8) Pause Young (Normal) (G1 Evacuation Pause) 195M->150M(1024M) 32.481ms
[2025-12-19T16:21:25.957+0800][gc,cpu      ] GC(8) User=0.01s Sys=0.04s Real=0.03s
[2025-12-19T16:25:15.743+0800][gc,heap,exit] Heap
[2025-12-19T16:25:15.743+0800][gc,heap,exit]  garbage-first heap   total 1048576K, used 181428K [0x00000007c0000000, 0x0000000800000000)
[2025-12-19T16:25:15.743+0800][gc,heap,exit]   region size 1024K, 33 young (33792K), 5 survivors (5120K)
[2025-12-19T16:25:15.743+0800][gc,heap,exit]  Metaspace       used 42682K, committed 43328K, reserved 1114112K
[2025-12-19T16:25:15.743+0800][gc,heap,exit]   class space    used 5570K, committed 5824K, reserved 1048576K
