[2025-12-18T01:40:31.732+0800][gc] Using G1
[2025-12-18T01:40:31.733+0800][gc,init] Version: 17.0.7+7-LTS (release)
[2025-12-18T01:40:31.733+0800][gc,init] CPUs: 8 total, 8 available
[2025-12-18T01:40:31.733+0800][gc,init] Memory: 16384M
[2025-12-18T01:40:31.733+0800][gc,init] Large Page Support: Disabled
[2025-12-18T01:40:31.733+0800][gc,init] NUMA Support: Disabled
[2025-12-18T01:40:31.733+0800][gc,init] Compressed Oops: Enabled (Zero based)
[2025-12-18T01:40:31.733+0800][gc,init] Heap Region Size: 1M
[2025-12-18T01:40:31.733+0800][gc,init] Heap Min Capacity: 512M
[2025-12-18T01:40:31.733+0800][gc,init] Heap Initial Capacity: 512M
[2025-12-18T01:40:31.733+0800][gc,init] Heap Max Capacity: 512M
[2025-12-18T01:40:31.733+0800][gc,init] Pre-touch: Disabled
[2025-12-18T01:40:31.733+0800][gc,init] Parallel Workers: 8
[2025-12-18T01:40:31.733+0800][gc,init] Concurrent Workers: 2
[2025-12-18T01:40:31.733+0800][gc,init] Concurrent Refinement Workers: 8
[2025-12-18T01:40:31.733+0800][gc,init] Periodic GC: Disabled
[2025-12-18T01:40:31.733+0800][gc,metaspace] CDS archive(s) mapped at: [0x0000000800000000-0x0000000800bd4000-0x0000000800bd4000), size 12402688, SharedBaseAddress: 0x0000000800000000, ArchiveRelocationMode: 0.
[2025-12-18T01:40:31.733+0800][gc,metaspace] Compressed class space mapped at: 0x0000000801000000-0x0000000841000000, reserved size: 1073741824
[2025-12-18T01:40:31.733+0800][gc,metaspace] Narrow klass base: 0x0000000800000000, Narrow klass shift: 0, Narrow klass range: 0x100000000
[2025-12-18T01:40:32.802+0800][gc,start    ] GC(0) Pause Young (Normal) (G1 Evacuation Pause)
[2025-12-18T01:40:32.802+0800][gc,task     ] GC(0) Using 8 workers of 8 for evacuation
[2025-12-18T01:40:32.805+0800][gc,phases   ] GC(0)   Pre Evacuate Collection Set: 0.1ms
[2025-12-18T01:40:32.805+0800][gc,phases   ] GC(0)   Merge Heap Roots: 0.1ms
[2025-12-18T01:40:32.805+0800][gc,phases   ] GC(0)   Evacuate Collection Set: 2.7ms
[2025-12-18T01:40:32.805+0800][gc,phases   ] GC(0)   Post Evacuate Collection Set: 0.3ms
[2025-12-18T01:40:32.805+0800][gc,phases   ] GC(0)   Other: 0.3ms
[2025-12-18T01:40:32.805+0800][gc,heap     ] GC(0) Eden regions: 25->0(21)
[2025-12-18T01:40:32.805+0800][gc,heap     ] GC(0) Survivor regions: 0->4(4)
[2025-12-18T01:40:32.805+0800][gc,heap     ] GC(0) Old regions: 0->4
[2025-12-18T01:40:32.805+0800][gc,heap     ] GC(0) Archive regions: 2->2
[2025-12-18T01:40:32.805+0800][gc,heap     ] GC(0) Humongous regions: 0->0
[2025-12-18T01:40:32.805+0800][gc,metaspace] GC(0) Metaspace: 7923K(8064K)->7923K(8064K) NonClass: 7021K(7104K)->7021K(7104K) Class: 901K(960K)->901K(960K)
[2025-12-18T01:40:32.805+0800][gc          ] GC(0) Pause Young (Normal) (G1 Evacuation Pause) 25M->8M(512M) 3.554ms
[2025-12-18T01:40:32.805+0800][gc,cpu      ] GC(0) User=0.01s Sys=0.01s Real=0.00s
[2025-12-18T01:40:39.335+0800][gc,heap,exit] Heap
[2025-12-18T01:40:39.335+0800][gc,heap,exit]  garbage-first heap   total 524288K, used 12345K [0x00000007e0000000, 0x0000000800000000)
[2025-12-18T01:40:39.336+0800][gc,heap,exit]   region size 1024K, 9 young (9216K), 4 survivors (4096K)
[2025-12-18T01:40:39.336+0800][gc,heap,exit]  Metaspace       used 8110K, committed 8320K, reserved 1114112K
[2025-12-18T01:40:39.336+0800][gc,heap,exit]   class space    used 918K, committed 1024K, reserved 1048576K
