[2025-12-26T16:06:46.358+0100][gc] Using G1
[2025-12-26T16:06:46.359+0100][gc,init] Version: 17.0.7+7-LTS (release)
[2025-12-26T16:06:46.359+0100][gc,init] CPUs: 8 total, 8 available
[2025-12-26T16:06:46.359+0100][gc,init] Memory: 16384M
[2025-12-26T16:06:46.359+0100][gc,init] Large Page Support: Disabled
[2025-12-26T16:06:46.359+0100][gc,init] NUMA Support: Disabled
[2025-12-26T16:06:46.359+0100][gc,init] Compressed Oops: Enabled (Zero based)
[2025-12-26T16:06:46.359+0100][gc,init] Heap Region Size: 1M
[2025-12-26T16:06:46.359+0100][gc,init] Heap Min Capacity: 512M
[2025-12-26T16:06:46.359+0100][gc,init] Heap Initial Capacity: 512M
[2025-12-26T16:06:46.359+0100][gc,init] Heap Max Capacity: 512M
[2025-12-26T16:06:46.359+0100][gc,init] Pre-touch: Disabled
[2025-12-26T16:06:46.359+0100][gc,init] Parallel Workers: 8
[2025-12-26T16:06:46.359+0100][gc,init] Concurrent Workers: 2
[2025-12-26T16:06:46.359+0100][gc,init] Concurrent Refinement Workers: 8
[2025-12-26T16:06:46.359+0100][gc,init] Periodic GC: Disabled
[2025-12-26T16:06:46.359+0100][gc,metaspace] CDS archive(s) mapped at: [0x0000000800000000-0x0000000800bd4000-0x0000000800bd4000), size 12402688, SharedBaseAddress: 0x0000000800000000, ArchiveRelocationMode: 0.
[2025-12-26T16:06:46.359+0100][gc,metaspace] Compressed class space mapped at: 0x0000000801000000-0x0000000841000000, reserved size: 1073741824
[2025-12-26T16:06:46.359+0100][gc,metaspace] Narrow klass base: 0x0000000800000000, Narrow klass shift: 0, Narrow klass range: 0x100000000
[2025-12-26T16:06:49.999+0100][gc,start    ] GC(0) Pause Young (Normal) (G1 Evacuation Pause)
[2025-12-26T16:06:49.999+0100][gc,task     ] GC(0) Using 8 workers of 8 for evacuation
[2025-12-26T16:06:50.011+0100][gc,phases   ] GC(0)   Pre Evacuate Collection Set: 0.1ms
[2025-12-26T16:06:50.011+0100][gc,phases   ] GC(0)   Merge Heap Roots: 0.1ms
[2025-12-26T16:06:50.011+0100][gc,phases   ] GC(0)   Evacuate Collection Set: 10.8ms
[2025-12-26T16:06:50.011+0100][gc,phases   ] GC(0)   Post Evacuate Collection Set: 0.3ms
[2025-12-26T16:06:50.011+0100][gc,phases   ] GC(0)   Other: 0.3ms
[2025-12-26T16:06:50.011+0100][gc,heap     ] GC(0) Eden regions: 25->0(21)
[2025-12-26T16:06:50.011+0100][gc,heap     ] GC(0) Survivor regions: 0->4(4)
[2025-12-26T16:06:50.011+0100][gc,heap     ] GC(0) Old regions: 0->4
[2025-12-26T16:06:50.011+0100][gc,heap     ] GC(0) Archive regions: 2->2
[2025-12-26T16:06:50.011+0100][gc,heap     ] GC(0) Humongous regions: 0->0
[2025-12-26T16:06:50.011+0100][gc,metaspace] GC(0) Metaspace: 7937K(8128K)->7937K(8128K) NonClass: 7036K(7168K)->7036K(7168K) Class: 901K(960K)->901K(960K)
[2025-12-26T16:06:50.011+0100][gc          ] GC(0) Pause Young (Normal) (G1 Evacuation Pause) 25M->8M(512M) 11.715ms
[2025-12-26T16:06:50.011+0100][gc,cpu      ] GC(0) User=0.01s Sys=0.01s Real=0.02s
[2025-12-26T16:08:05.013+0100][gc,heap,exit] Heap
[2025-12-26T16:08:05.013+0100][gc,heap,exit]  garbage-first heap   total 524288K, used 14469K [0x00000007e0000000, 0x0000000800000000)
[2025-12-26T16:08:05.013+0100][gc,heap,exit]   region size 1024K, 11 young (11264K), 4 survivors (4096K)
[2025-12-26T16:08:05.013+0100][gc,heap,exit]  Metaspace       used 8314K, committed 8512K, reserved 1114112K
[2025-12-26T16:08:05.013+0100][gc,heap,exit]   class space    used 923K, committed 1024K, reserved 1048576K
