[2025-12-26T15:46:48.007+0100][gc] Using G1
[2025-12-26T15:46:48.008+0100][gc,init] Version: 17.0.7+7-LTS (release)
[2025-12-26T15:46:48.008+0100][gc,init] CPUs: 8 total, 8 available
[2025-12-26T15:46:48.008+0100][gc,init] Memory: 16384M
[2025-12-26T15:46:48.008+0100][gc,init] Large Page Support: Disabled
[2025-12-26T15:46:48.008+0100][gc,init] NUMA Support: Disabled
[2025-12-26T15:46:48.008+0100][gc,init] Compressed Oops: Enabled (Zero based)
[2025-12-26T15:46:48.008+0100][gc,init] Heap Region Size: 1M
[2025-12-26T15:46:48.008+0100][gc,init] Heap Min Capacity: 512M
[2025-12-26T15:46:48.008+0100][gc,init] Heap Initial Capacity: 512M
[2025-12-26T15:46:48.008+0100][gc,init] Heap Max Capacity: 512M
[2025-12-26T15:46:48.008+0100][gc,init] Pre-touch: Disabled
[2025-12-26T15:46:48.008+0100][gc,init] Parallel Workers: 8
[2025-12-26T15:46:48.008+0100][gc,init] Concurrent Workers: 2
[2025-12-26T15:46:48.008+0100][gc,init] Concurrent Refinement Workers: 8
[2025-12-26T15:46:48.008+0100][gc,init] Periodic GC: Disabled
[2025-12-26T15:46:48.008+0100][gc,metaspace] CDS archive(s) mapped at: [0x0000000800000000-0x0000000800bd4000-0x0000000800bd4000), size 12402688, SharedBaseAddress: 0x0000000800000000, ArchiveRelocationMode: 0.
[2025-12-26T15:46:48.008+0100][gc,metaspace] Compressed class space mapped at: 0x0000000801000000-0x0000000841000000, reserved size: 1073741824
[2025-12-26T15:46:48.008+0100][gc,metaspace] Narrow klass base: 0x0000000800000000, Narrow klass shift: 0, Narrow klass range: 0x100000000
[2025-12-26T15:46:50.008+0100][gc,start    ] GC(0) Pause Young (Normal) (G1 Evacuation Pause)
[2025-12-26T15:46:50.008+0100][gc,task     ] GC(0) Using 8 workers of 8 for evacuation
[2025-12-26T15:46:50.011+0100][gc,phases   ] GC(0)   Pre Evacuate Collection Set: 0.1ms
[2025-12-26T15:46:50.011+0100][gc,phases   ] GC(0)   Merge Heap Roots: 0.0ms
[2025-12-26T15:46:50.011+0100][gc,phases   ] GC(0)   Evacuate Collection Set: 2.2ms
[2025-12-26T15:46:50.011+0100][gc,phases   ] GC(0)   Post Evacuate Collection Set: 0.2ms
[2025-12-26T15:46:50.011+0100][gc,phases   ] GC(0)   Other: 0.4ms
[2025-12-26T15:46:50.011+0100][gc,heap     ] GC(0) Eden regions: 25->0(21)
[2025-12-26T15:46:50.011+0100][gc,heap     ] GC(0) Survivor regions: 0->4(4)
[2025-12-26T15:46:50.011+0100][gc,heap     ] GC(0) Old regions: 0->4
[2025-12-26T15:46:50.011+0100][gc,heap     ] GC(0) Archive regions: 2->2
[2025-12-26T15:46:50.011+0100][gc,heap     ] GC(0) Humongous regions: 0->0
[2025-12-26T15:46:50.011+0100][gc,metaspace] GC(0) Metaspace: 7833K(7936K)->7833K(7936K) NonClass: 6933K(6976K)->6933K(6976K) Class: 899K(960K)->899K(960K)
[2025-12-26T15:46:50.011+0100][gc          ] GC(0) Pause Young (Normal) (G1 Evacuation Pause) 25M->7M(512M) 3.005ms
[2025-12-26T15:46:50.011+0100][gc,cpu      ] GC(0) User=0.01s Sys=0.00s Real=0.01s
