[2025-12-19T02:01:36.057+0800][gc] Using G1
[2025-12-19T02:01:36.058+0800][gc,init] Version: 17.0.7+7-LTS (release)
[2025-12-19T02:01:36.058+0800][gc,init] CPUs: 8 total, 8 available
[2025-12-19T02:01:36.058+0800][gc,init] Memory: 16384M
[2025-12-19T02:01:36.058+0800][gc,init] Large Page Support: Disabled
[2025-12-19T02:01:36.058+0800][gc,init] NUMA Support: Disabled
[2025-12-19T02:01:36.058+0800][gc,init] Compressed Oops: Enabled (Zero based)
[2025-12-19T02:01:36.058+0800][gc,init] Heap Region Size: 1M
[2025-12-19T02:01:36.058+0800][gc,init] Heap Min Capacity: 512M
[2025-12-19T02:01:36.058+0800][gc,init] Heap Initial Capacity: 512M
[2025-12-19T02:01:36.058+0800][gc,init] Heap Max Capacity: 512M
[2025-12-19T02:01:36.058+0800][gc,init] Pre-touch: Disabled
[2025-12-19T02:01:36.058+0800][gc,init] Parallel Workers: 8
[2025-12-19T02:01:36.058+0800][gc,init] Concurrent Workers: 2
[2025-12-19T02:01:36.058+0800][gc,init] Concurrent Refinement Workers: 8
[2025-12-19T02:01:36.058+0800][gc,init] Periodic GC: Disabled
[2025-12-19T02:01:36.058+0800][gc,metaspace] CDS archive(s) mapped at: [0x0000000800000000-0x0000000800bd4000-0x0000000800bd4000), size 12402688, SharedBaseAddress: 0x0000000800000000, ArchiveRelocationMode: 0.
[2025-12-19T02:01:36.058+0800][gc,metaspace] Compressed class space mapped at: 0x0000000801000000-0x0000000841000000, reserved size: 1073741824
[2025-12-19T02:01:36.058+0800][gc,metaspace] Narrow klass base: 0x0000000800000000, Narrow klass shift: 0, Narrow klass range: 0x100000000
[2025-12-19T02:02:56.628+0800][gc,heap,exit] Heap
[2025-12-19T02:02:56.628+0800][gc,heap,exit]  garbage-first heap   total 524288K, used 26082K [0x00000007e0000000, 0x0000000800000000)
[2025-12-19T02:02:56.628+0800][gc,heap,exit]   region size 1024K, 25 young (25600K), 0 survivors (0K)
[2025-12-19T02:02:56.628+0800][gc,heap,exit]  Metaspace       used 7760K, committed 7936K, reserved 1114112K
[2025-12-19T02:02:56.628+0800][gc,heap,exit]   class space    used 879K, committed 960K, reserved 1048576K
